
Allocating common symbols
Common symbol       size              file

NVIC_InitStructure  0x4               build/machines/cortex/armv7em/stm32f407/stm32f4discovery/stm32f4_discovery.c.o

Discarded input sections

 .text          0x0000000000000000        0x0 build/os/tpl_os_kernel.c.o
 .data          0x0000000000000000        0x0 build/os/tpl_os_kernel.c.o
 .bss           0x0000000000000000        0x0 build/os/tpl_os_kernel.c.o
 .osVar         0x0000000000000000        0x3 build/os/tpl_os_kernel.c.o
 .text          0x0000000000000000        0x0 build/os/tpl_os_timeobj_kernel.c.o
 .data          0x0000000000000000        0x0 build/os/tpl_os_timeobj_kernel.c.o
 .bss           0x0000000000000000        0x0 build/os/tpl_os_timeobj_kernel.c.o
 .text          0x0000000000000000        0x0 build/os/tpl_os_action.c.o
 .data          0x0000000000000000        0x0 build/os/tpl_os_action.c.o
 .bss           0x0000000000000000        0x0 build/os/tpl_os_action.c.o
 .osCode        0x0000000000000000       0x3a build/os/tpl_os_action.c.o
 .debug_info    0x0000000000000000      0x619 build/os/tpl_os_action.c.o
 .debug_abbrev  0x0000000000000000      0x187 build/os/tpl_os_action.c.o
 .debug_aranges
                0x0000000000000000       0x28 build/os/tpl_os_action.c.o
 .debug_ranges  0x0000000000000000       0x18 build/os/tpl_os_action.c.o
 .debug_line    0x0000000000000000      0x208 build/os/tpl_os_action.c.o
 .debug_str     0x0000000000000000      0x626 build/os/tpl_os_action.c.o
 .comment       0x0000000000000000       0x5a build/os/tpl_os_action.c.o
 .debug_frame   0x0000000000000000       0x58 build/os/tpl_os_action.c.o
 .ARM.attributes
                0x0000000000000000       0x2e build/os/tpl_os_action.c.o
 .text          0x0000000000000000        0x0 build/os/tpl_os_error.c.o
 .data          0x0000000000000000        0x0 build/os/tpl_os_error.c.o
 .bss           0x0000000000000000        0x0 build/os/tpl_os_error.c.o
 .debug_info    0x0000000000000000      0x4d4 build/os/tpl_os_error.c.o
 .debug_abbrev  0x0000000000000000      0x11b build/os/tpl_os_error.c.o
 .debug_aranges
                0x0000000000000000       0x18 build/os/tpl_os_error.c.o
 .debug_line    0x0000000000000000      0x1aa build/os/tpl_os_error.c.o
 .debug_str     0x0000000000000000      0x51f build/os/tpl_os_error.c.o
 .comment       0x0000000000000000       0x5a build/os/tpl_os_error.c.o
 .ARM.attributes
                0x0000000000000000       0x37 build/os/tpl_os_error.c.o
 .text          0x0000000000000000        0x0 build/os/tpl_os_os_kernel.c.o
 .data          0x0000000000000000        0x0 build/os/tpl_os_os_kernel.c.o
 .bss           0x0000000000000000        0x0 build/os/tpl_os_os_kernel.c.o
 .text          0x0000000000000000        0x0 build/os/tpl_os_os.c.o
 .data          0x0000000000000000        0x0 build/os/tpl_os_os.c.o
 .bss           0x0000000000000000        0x0 build/os/tpl_os_os.c.o
 .text          0x0000000000000000        0x0 build/os/tpl_os_interrupt_kernel.c.o
 .data          0x0000000000000000        0x0 build/os/tpl_os_interrupt_kernel.c.o
 .bss           0x0000000000000000        0x0 build/os/tpl_os_interrupt_kernel.c.o
 .text          0x0000000000000000        0x0 build/os/tpl_os_task_kernel.c.o
 .data          0x0000000000000000        0x0 build/os/tpl_os_task_kernel.c.o
 .bss           0x0000000000000000        0x0 build/os/tpl_os_task_kernel.c.o
 .text          0x0000000000000000        0x0 build/os/tpl_os_resource_kernel.c.o
 .data          0x0000000000000000        0x0 build/os/tpl_os_resource_kernel.c.o
 .bss           0x0000000000000000        0x0 build/os/tpl_os_resource_kernel.c.o
 .osConst       0x0000000000000000        0x2 build/os/tpl_os_resource_kernel.c.o
 .text          0x0000000000000000        0x0 build/lab3.c.o
 .data          0x0000000000000000        0x0 build/lab3.c.o
 .bss           0x0000000000000000        0x0 build/lab3.c.o
 .text          0x0000000000000000        0x0 build/lab3/tpl_app_config.c.o
 .data          0x0000000000000000        0x0 build/lab3/tpl_app_config.c.o
 .bss           0x0000000000000000        0x0 build/lab3/tpl_app_config.c.o
 .rodata.std    0x0000000000000000        0x1 build/lab3/tpl_app_config.c.o
 .text          0x0000000000000000        0x0 build/lab3/tpl_dispatch_table.c.o
 .data          0x0000000000000000        0x0 build/lab3/tpl_dispatch_table.c.o
 .bss           0x0000000000000000        0x0 build/lab3/tpl_dispatch_table.c.o
 .text          0x0000000000000000        0x0 build/lab3/tpl_invoque.S.o
 .data          0x0000000000000000        0x0 build/lab3/tpl_invoque.S.o
 .bss           0x0000000000000000        0x0 build/lab3/tpl_invoque.S.o
 .text          0x0000000000000000        0x0 build/lab3/tpl_primary_irq.S.o
 .data          0x0000000000000000        0x0 build/lab3/tpl_primary_irq.S.o
 .bss           0x0000000000000000        0x0 build/lab3/tpl_primary_irq.S.o
 .osVar         0x0000000000000000        0x0 build/lab3/tpl_primary_irq.S.o
[...]
Memory Configuration

Name             Origin             Length             Attributes
VECTOR           0x0000000008000000 0x0000000000000188 xr
FLASH            0x0000000008000188 0x000000000000fe78 xr
RAM              0x0000000020000000 0x0000000000020000 xrw
MEMORY_B1        0x0000000060000000 0x0000000000000000 xr
*default*        0x0000000000000000 0xffffffffffffffff

Linker script and memory map

LOAD build/os/tpl_os_kernel.c.o
LOAD build/os/tpl_os_timeobj_kernel.c.o
LOAD build/os/tpl_os_action.c.o
LOAD build/os/tpl_os_error.c.o
LOAD build/os/tpl_os_os_kernel.c.o
LOAD build/os/tpl_os_os.c.o
LOAD build/os/tpl_os_interrupt_kernel.c.o
LOAD build/os/tpl_os_task_kernel.c.o
LOAD build/os/tpl_os_resource_kernel.c.o
LOAD build/lab3.c.o
LOAD build/lab3/tpl_app_config.c.o
LOAD build/lab3/tpl_dispatch_table.c.o
LOAD build/lab3/tpl_invoque.S.o
LOAD build/lab3/tpl_primary_irq.S.o
LOAD build/lab3/tpl_vectors.c.o
LOAD build/lab3/tpl_external_interrupts.c.o
LOAD build/lab3/tpl_app_interrupts.c.o
LOAD build/machines/cortex/tpl_machine_cortex.c.o
LOAD build/machines/cortex/tpl_sc_handler.S.o
LOAD build/machines/cortex/tpl_startup.S.o
LOAD build/machines/cortex/armv7em/tpl_ctx_switch.S.o
LOAD build/machines/cortex/armv7em/tpl_ctx_switch_under_it.S.o
LOAD build/machines/cortex/armv7em/tpl_interrupts.S.o
LOAD build/machines/cortex/armv7em/stm32f407/tpl_memory_protection.c.o
LOAD build/machines/cortex/armv7em/stm32f407/tpl_machine_stm32f407.c.o
LOAD build/machines/cortex/armv7em/stm32f407/startup_stm32f4xx.c.o
LOAD build/machines/cortex/armv7em/stm32f407/system_stm32f4xx.c.o
LOAD build/machines/cortex/armv7em/stm32f407/handlers_stm32f4xx.c.o
LOAD build/machines/cortex/armv7em/stm32f407/lib/pinAccess.c.o
LOAD build/machines/cortex/armv7em/stm32f407/STM32F4xx_StdPeriph_Driver/stm32f4xx_gpio.c.o
LOAD build/machines/cortex/armv7em/stm32f407/STM32F4xx_StdPeriph_Driver/stm32f4xx_rcc.c.o
LOAD build/machines/cortex/armv7em/stm32f407/STM32F4xx_StdPeriph_Driver/stm32f4xx_exti.c.o
LOAD build/machines/cortex/armv7em/stm32f407/STM32F4xx_StdPeriph_Driver/stm32f4xx_syscfg.c.o
LOAD build/machines/cortex/armv7em/stm32f407/STM32F4xx_StdPeriph_Driver/misc.c.o
LOAD build/machines/cortex/armv7em/stm32f407/stm32f4discovery/stm32f4_discovery.c.o
LOAD build/machines/cortex/armv7em/stm32f407/stm32f4discovery/tp.c.o
                0x0000000020020000                _estack = 0x20020000
                0x0000000000000000                _Min_Heap_Size = 0x0
                0x0000000000000400                _Min_Stack_Size = 0x400

.isr_vector     0x0000000008000000      0x188
                0x0000000008000000                . = ALIGN (0x4)
 *(.isr_vector)
 .isr_vector    0x0000000008000000      0x188 build/lab3/tpl_vectors.c.o
                0x0000000008000000                tpl_it_vectors
                0x0000000008000188                . = ALIGN (0x4)
                0x0000000008000188                . = ALIGN (0x4)

ostext          0x0000000008000188     0x19a0
 *(.SC_handler)
 *(.EI_handler)
 *(.osCode)
 .osCode        0x0000000008000188      0x844 build/os/tpl_os_kernel.c.o
                0x0000000008000188                tpl_current_os_state
                0x00000000080001dc                tpl_schedule_from_running
                0x0000000008000220                tpl_start_scheduling
                0x0000000008000238                tpl_start
                0x00000000080002b0                tpl_run_elected
                0x000000000800033c                tpl_block
                0x0000000008000374                tpl_release
                0x00000000080003b0                tpl_front_proc
                0x00000000080003dc                tpl_terminate
                0x0000000008000420                tpl_init_proc
                0x0000000008000454                tpl_put_preempted_proc
                0x00000000080004ac                tpl_put_new_proc
                0x0000000008000530                tpl_init_os
                0x0000000008000594                tpl_get_internal_resource
                0x000000000800061c                tpl_release_internal_resource
                0x000000000800066c                tpl_call_terminate_task_service
                0x00000000080006a0                tpl_call_terminate_isr2_service
                0x00000000080006e8                tpl_activate_task
                0x0000000008000760                tpl_set_event
                0x0000000008000780                tpl_compare_entries
                0x0000000008000810                tpl_bubble_up
                0x0000000008000890                tpl_bubble_down
                0x0000000008000944                tpl_remove_front_proc
                0x00000000080009a0                tpl_preempt
 .osCode        0x00000000080009cc      0x2f0 build/os/tpl_os_timeobj_kernel.c.o
                0x00000000080009cc                tpl_enable_counters
                0x00000000080009e4                tpl_insert_time_obj
                0x0000000008000ac2                tpl_remove_time_obj
                0x0000000008000b34                tpl_counter_tick
 .osCode        0x0000000008000cbc       0xac build/os/tpl_os_os_kernel.c.o
                0x0000000008000cbc                tpl_get_active_application_mode_service
                0x0000000008000cec                tpl_start_os_service
                0x0000000008000d38                tpl_call_shutdown_os
                0x0000000008000d4e                tpl_shutdown_os_service
 .osCode        0x0000000008000d68      0x1e0 build/os/tpl_os_interrupt_kernel.c.o
                0x0000000008000d68                tpl_get_interrupt_lock_status
                0x0000000008000da8                tpl_reset_interrupt_lock_status
                0x0000000008000de4                tpl_terminate_isr2_service
                0x0000000008000e28                tpl_null_it
                0x0000000008000e3a                tpl_enable_all_interrupts_service
                0x0000000008000e58                tpl_disable_all_interrupts_service
                0x0000000008000e88                tpl_resume_all_interrupts_service
                0x0000000008000ec0                tpl_suspend_all_interrupts_service
                0x0000000008000ee8                tpl_resume_os_interrupts_service
                0x0000000008000f20                tpl_suspend_os_interrupts_service
 .osCode        0x0000000008000f48      0x2b4 build/os/tpl_os_task_kernel.c.o
                0x0000000008000f48                tpl_activate_task_service
                0x0000000008000fac                tpl_terminate_task_service
                0x000000000800101c                tpl_chain_task_service
                0x00000000080010cc                tpl_schedule_service
                0x0000000008001148                tpl_get_task_id_service
                0x0000000008001198                tpl_get_task_state_service
 .osCode        0x00000000080011fc      0x1fc build/os/tpl_os_resource_kernel.c.o
                0x00000000080011fc                tpl_release_all_resources
                0x000000000800125c                tpl_get_resource_service
                0x0000000008001348                tpl_release_resource_service
 .osCode        0x00000000080013f8       0xe4 build/lab3.c.o
                0x00000000080013f8                assert_failed
                0x000000000800140c                PreTaskHook
                0x0000000008001474                PostTaskHook
 .osCode        0x00000000080014dc       0x40 build/lab3/tpl_app_config.c.o
                0x00000000080014dc                tpl_tick_SysTick
                0x0000000008001510                SysTick_Handler
 .osCode        0x000000000800151c       0x30 build/lab3/tpl_primary_irq.S.o
                0x000000000800151c                tpl_primary_irq_handler_SysTick
 .osCode        0x000000000800154c       0x20 build/lab3/tpl_external_interrupts.c.o
                0x000000000800154c                tpl_init_external_interrupts
 .osCode        0x000000000800156c       0x24 build/lab3/tpl_app_interrupts.c.o
                0x000000000800156c                tpl_init_it_priority
                0x0000000008001578                tpl_disable_os_interrupts
                0x0000000008001584                tpl_enable_os_interrupts
 .osCode        0x0000000008001590       0xe4 build/machines/cortex/tpl_machine_cortex.c.o
                0x0000000008001590                tpl_init_context
                0x00000000080015fc                tpl_init_machine
                0x000000000800160c                tpl_shutdown
                0x0000000008001616                tpl_init_machine_generic
                0x0000000008001622                tpl_init_machine_specific
                0x0000000008001658                tpl_check_stack_footprint
 .osCode        0x0000000008001674       0x6c build/machines/cortex/tpl_sc_handler.S.o
                0x0000000008001674                tpl_sc_handler
 .osCode        0x00000000080016e0       0x1c build/machines/cortex/tpl_startup.S.o
                0x00000000080016e0                tpl_reset_handler
 .osCode        0x00000000080016fc       0x4c build/machines/cortex/armv7em/tpl_ctx_switch.S.o
                0x00000000080016fc                tpl_save_context
                0x0000000008001722                tpl_load_context
 .osCode        0x0000000008001748       0x44 build/machines/cortex/armv7em/tpl_ctx_switch_under_it.S.o
                0x0000000008001748                tpl_save_context_under_it
                0x000000000800176a                tpl_load_context_under_it
 .osCode        0x000000000800178c       0x2c build/machines/cortex/armv7em/tpl_interrupts.S.o
                0x000000000800178c                tpl_disable_interrupts
                0x00000000080017a0                tpl_enable_interrupts
 .osCode        0x00000000080017b8       0x7c build/machines/cortex/armv7em/stm32f407/tpl_machine_stm32f407.c.o
                0x0000000008001808                tpl_set_systick_timer
 .osCode        0x0000000008001834      0x108 build/machines/cortex/armv7em/stm32f407/stm32f4discovery/tp.c.o
                0x0000000008001834                initBoard
                0x000000000800185c                ledOn
                0x000000000800187c                ledOff
                0x000000000800189c                ledToggle
                0x00000000080018bc                readButton
                0x000000000800190c                delay
 *(.osApiCode)
 .osApiCode     0x000000000800193c       0x2a build/os/tpl_os_os.c.o
                0x000000000800193c                StartOS
 .osApiCode     0x0000000008001966      0x1c2 build/lab3/tpl_invoque.S.o
                0x0000000008001966                GetActiveApplicationMode
                0x000000000800197c                tpl_start_os
                0x0000000008001992                ShutdownOS
                0x00000000080019a8                EnableAllInterrupts
                0x00000000080019c2                DisableAllInterrupts
                0x00000000080019dc                ResumeAllInterrupts
                0x00000000080019f6                SuspendAllInterrupts
                0x0000000008001a10                ResumeOSInterrupts
                0x0000000008001a2a                SuspendOSInterrupts
                0x0000000008001a44                CallTerminateISR2
                0x0000000008001a5e                ActivateTask
                0x0000000008001a74                TerminateTask
                0x0000000008001a8a                ChainTask
                0x0000000008001aa0                Schedule
                0x0000000008001ab6                GetTaskID
                0x0000000008001acc                GetTaskState
                0x0000000008001ae2                CallTerminateTask
                0x0000000008001afc                GetResource
                0x0000000008001b12                ReleaseResource
 *(.appCommonCode)
                0x0000000008001b28                . = ALIGN (0x4)

osconst         0x0000000008001b28       0xf4
 *(.osConst)
 .osConst       0x0000000008001b28        0x2 build/os/tpl_os_kernel.c.o
                0x0000000008001b28                INVALID_PROC
                0x0000000008001b29                INVALID_TASK
 *fill*         0x0000000008001b2a        0x2 
 .osConst       0x0000000008001b2c       0x84 build/lab3/tpl_app_config.c.o
                0x0000000008001b2c                tpl_stat_proc_table
                0x0000000008001b3c                tpl_dyn_proc_table
                0x0000000008001b4c                tpl_resource_table
                0x0000000008001b50                IDLE_TASK_task_stat_desc
                0x0000000008001b68                task_0_task_stat_desc
                0x0000000008001b80                a_task_task_stat_desc
                0x0000000008001b98                task_1_task_stat_desc
 .osConst       0x0000000008001bb0       0x4c build/lab3/tpl_dispatch_table.c.o
                0x0000000008001bb0                tpl_dispatch_table
 *(.osApiConst)
 .osApiConst    0x0000000008001bfc       0x20 build/lab3/tpl_app_config.c.o
                0x0000000008001bfc                proc_name_table
                0x0000000008001c0c                task_0
                0x0000000008001c0d                a_task
                0x0000000008001c0e                task_1
                0x0000000008001c10                OSTICKSPERBASE
                0x0000000008001c14                OSMAXALLOWEDVALUE
                0x0000000008001c18                OSMINCYCLE
                0x0000000008001c1c                . = ALIGN (0x4)

apptext         0x0000000008001c1c       0x90
                0x0000000008001c1c                __PROGCONST_SECTION_START = .
                0x0000000008001c1c                __SEG_START_APP_CODE_CONST_RGN = .
                0x0000000008001c1c                . = ALIGN (0x4)
 *(.Task_task_0Code)
 .Task_task_0Code
                0x0000000008001c1c       0x14 build/lab3.c.o
                0x0000000008001c1c                task_0_function
 *(.Task_a_taskCode)
 .Task_a_taskCode
                0x0000000008001c30       0x68 build/lab3.c.o
                0x0000000008001c30                main
                0x0000000008001c50                a_task_function
 *(.Task_task_1Code)
 .Task_task_1Code
                0x0000000008001c98       0x14 build/lab3.c.o
                0x0000000008001c98                task_1_function
                0x0000000008001cac                . = ALIGN (0x4)

appconst        0x0000000008001cac      0x200
 *(.rodata)
 .rodata        0x0000000008001cac       0x1f build/lab3/tpl_app_config.c.o
 *fill*         0x0000000008001ccb        0x1 
 .rodata        0x0000000008001ccc       0x5a build/machines/cortex/armv7em/stm32f407/STM32F4xx_StdPeriph_Driver/stm32f4xx_gpio.c.o
 *fill*         0x0000000008001d26        0x2 
 .rodata        0x0000000008001d28       0x59 build/machines/cortex/armv7em/stm32f407/STM32F4xx_StdPeriph_Driver/stm32f4xx_rcc.c.o
 *fill*         0x0000000008001d81        0x3 
 .rodata        0x0000000008001d84       0x5a build/machines/cortex/armv7em/stm32f407/STM32F4xx_StdPeriph_Driver/stm32f4xx_exti.c.o
 *fill*         0x0000000008001dde        0x2 
 .rodata        0x0000000008001de0       0x5c build/machines/cortex/armv7em/stm32f407/STM32F4xx_StdPeriph_Driver/stm32f4xx_syscfg.c.o
 .rodata        0x0000000008001e3c       0x50 build/machines/cortex/armv7em/stm32f407/STM32F4xx_StdPeriph_Driver/misc.c.o
 *(.rodata*)
 .rodata.OSDEFAULTAPPMODE
                0x0000000008001e8c        0x1 build/lab3/tpl_app_config.c.o
                0x0000000008001e8c                OSDEFAULTAPPMODE
 *fill*         0x0000000008001e8d        0x3 
 .rodata.tpl_task_app_mode
                0x0000000008001e90        0x3 build/lab3/tpl_app_config.c.o
                0x0000000008001e90                tpl_task_app_mode
 *fill*         0x0000000008001e93        0x1 
 .rodata.GPIO_PIN
                0x0000000008001e94        0x8 build/machines/cortex/armv7em/stm32f407/stm32f4discovery/stm32f4_discovery.c.o
                0x0000000008001e94                GPIO_PIN
 .rodata.GPIO_CLK
                0x0000000008001e9c       0x10 build/machines/cortex/armv7em/stm32f407/stm32f4discovery/stm32f4_discovery.c.o
                0x0000000008001e9c                GPIO_CLK
                0x0000000008001eac                . = ALIGN (0x4)

procconst       0x0000000008001eac        0x0
 *(.Task_task_0_SEC_CONST_32BIT)
 *(.Task_task_0_SEC_CALIB_32BIT)
 *(.Task_task_0_SEC_CARTO_32BIT)
 *(.Task_task_0_SEC_CONFIG_DATA_32BIT)
 *(.Task_task_0_SEC_CONST_16BIT)
 *(.Task_task_0_SEC_CALIB_16BIT)
 *(.Task_task_0_SEC_CARTO_16BIT)
 *(.Task_task_0_SEC_CONFIG_DATA_16BIT)
 *(.Task_task_0_SEC_CONST_8BIT)
 *(.Task_task_0_SEC_CALIB_8BIT)
 *(.Task_task_0_SEC_CARTO_8BIT)
 *(.Task_task_0_SEC_CONFIG_DATA_8BIT)
 *(.Task_task_0_SEC_CONST_BOOLEAN)
 *(.Task_task_0_SEC_CALIB_BOOLEAN)
 *(.Task_task_0_SEC_CARTO_BOOLEAN)
 *(.Task_task_0_SEC_CONFIG_DATA_BOOLEAN)
 *(.Task_task_0_SEC_CONST_UNSPECIFIED)
 *(.Task_task_0_SEC_CALIB_UNSPECIFIED)
 *(.Task_task_0_SEC_CARTO_UNSPECIFIED)
 *(.Task_task_0_SEC_CONFIG_DATA_UNSPECIFIED)
 *(.Task_a_task_SEC_CONST_32BIT)
 *(.Task_a_task_SEC_CALIB_32BIT)
 *(.Task_a_task_SEC_CARTO_32BIT)
 *(.Task_a_task_SEC_CONFIG_DATA_32BIT)
 *(.Task_a_task_SEC_CONST_16BIT)
 *(.Task_a_task_SEC_CALIB_16BIT)
 *(.Task_a_task_SEC_CARTO_16BIT)
 *(.Task_a_task_SEC_CONFIG_DATA_16BIT)
 *(.Task_a_task_SEC_CONST_8BIT)
 *(.Task_a_task_SEC_CALIB_8BIT)
 *(.Task_a_task_SEC_CARTO_8BIT)
 *(.Task_a_task_SEC_CONFIG_DATA_8BIT)
 *(.Task_a_task_SEC_CONST_BOOLEAN)
 *(.Task_a_task_SEC_CALIB_BOOLEAN)
 *(.Task_a_task_SEC_CARTO_BOOLEAN)
 *(.Task_a_task_SEC_CONFIG_DATA_BOOLEAN)
 *(.Task_a_task_SEC_CONST_UNSPECIFIED)
 *(.Task_a_task_SEC_CALIB_UNSPECIFIED)
 *(.Task_a_task_SEC_CARTO_UNSPECIFIED)
 *(.Task_a_task_SEC_CONFIG_DATA_UNSPECIFIED)
 *(.Task_task_1_SEC_CONST_32BIT)
 *(.Task_task_1_SEC_CALIB_32BIT)
 *(.Task_task_1_SEC_CARTO_32BIT)
 *(.Task_task_1_SEC_CONFIG_DATA_32BIT)
 *(.Task_task_1_SEC_CONST_16BIT)
 *(.Task_task_1_SEC_CALIB_16BIT)
 *(.Task_task_1_SEC_CARTO_16BIT)
 *(.Task_task_1_SEC_CONFIG_DATA_16BIT)
 *(.Task_task_1_SEC_CONST_8BIT)
 *(.Task_task_1_SEC_CALIB_8BIT)
 *(.Task_task_1_SEC_CARTO_8BIT)
 *(.Task_task_1_SEC_CONFIG_DATA_8BIT)
 *(.Task_task_1_SEC_CONST_BOOLEAN)
 *(.Task_task_1_SEC_CALIB_BOOLEAN)
 *(.Task_task_1_SEC_CARTO_BOOLEAN)
 *(.Task_task_1_SEC_CONFIG_DATA_BOOLEAN)
 *(.Task_task_1_SEC_CONST_UNSPECIFIED)
 *(.Task_task_1_SEC_CALIB_UNSPECIFIED)
 *(.Task_task_1_SEC_CARTO_UNSPECIFIED)
 *(.Task_task_1_SEC_CONFIG_DATA_UNSPECIFIED)
                0x0000000008001eac                . = ALIGN (0x4)
                0x0000000008001eab                __SEG_STOP_APP_CODE_CONST_RGN = (. - 0x1)
                0x0000000008001eab                __PROGCONST_SECTION_STOP = (. - 0x1)

.text           0x0000000008001eac      0xce8
                0x0000000008001eac                . = ALIGN (0x4)
 *(.text)
 *(.text*)
 .text.NVIC_SetPriority
                0x0000000008001eac       0x54 build/machines/cortex/tpl_machine_cortex.c.o
 .text.idle_function
                0x0000000008001f00        0xa build/machines/cortex/tpl_machine_cortex.c.o
                0x0000000008001f00                idle_function
 *fill*         0x0000000008001f0a        0x2 
 .text.NVIC_SetPriority
                0x0000000008001f0c       0x54 build/machines/cortex/armv7em/stm32f407/tpl_machine_stm32f407.c.o
 .text.__libc_init_array
                0x0000000008001f60       0x70 build/machines/cortex/armv7em/stm32f407/startup_stm32f4xx.c.o
                0x0000000008001f60                __libc_init_array
 .text.__libc_fini_array
                0x0000000008001fd0       0x40 build/machines/cortex/armv7em/stm32f407/startup_stm32f4xx.c.o
                0x0000000008001fd0                __libc_fini_array
 .text.SystemInit
                0x0000000008002010       0x5c build/machines/cortex/armv7em/stm32f407/system_stm32f4xx.c.o
                0x0000000008002010                SystemInit
 .text.SetSysClock
                0x000000000800206c       0xf4 build/machines/cortex/armv7em/stm32f407/system_stm32f4xx.c.o
 .text.NMI_Handler
                0x0000000008002160        0x8 build/machines/cortex/armv7em/stm32f407/handlers_stm32f4xx.c.o
                0x0000000008002160                NMI_Handler
 .text.HardFault_Handler
                0x0000000008002168       0x64 build/machines/cortex/armv7em/stm32f407/handlers_stm32f4xx.c.o
                0x0000000008002168                HardFault_Handler
 .text.MemManage_Handler
                0x00000000080021cc        0x8 build/machines/cortex/armv7em/stm32f407/handlers_stm32f4xx.c.o
                0x00000000080021cc                MemManage_Handler
 .text.BusFault_Handler
                0x00000000080021d4        0x8 build/machines/cortex/armv7em/stm32f407/handlers_stm32f4xx.c.o
                0x00000000080021d4                BusFault_Handler
 .text.UsageFault_Handler
                0x00000000080021dc        0x8 build/machines/cortex/armv7em/stm32f407/handlers_stm32f4xx.c.o
                0x00000000080021dc                UsageFault_Handler
 .text.DebugMonitor_Handler
                0x00000000080021e4        0x6 build/machines/cortex/armv7em/stm32f407/handlers_stm32f4xx.c.o
                0x00000000080021e4                DebugMonitor_Handler
 *fill*         0x00000000080021ea        0x2 
 .text.GPIO_Init
                0x00000000080021ec      0x248 build/machines/cortex/armv7em/stm32f407/STM32F4xx_StdPeriph_Driver/stm32f4xx_gpio.c.o
                0x00000000080021ec                GPIO_Init
 .text.GPIO_ReadInputDataBit
                0x0000000008002434      0x13c build/machines/cortex/armv7em/stm32f407/STM32F4xx_StdPeriph_Driver/stm32f4xx_gpio.c.o
                0x0000000008002434                GPIO_ReadInputDataBit
 .text.RCC_AHB1PeriphClockCmd
                0x0000000008002570       0x74 build/machines/cortex/armv7em/stm32f407/STM32F4xx_StdPeriph_Driver/stm32f4xx_rcc.c.o
                0x0000000008002570                RCC_AHB1PeriphClockCmd
 .text.RCC_APB2PeriphClockCmd
                0x00000000080025e4       0x74 build/machines/cortex/armv7em/stm32f407/STM32F4xx_StdPeriph_Driver/stm32f4xx_rcc.c.o
                0x00000000080025e4                RCC_APB2PeriphClockCmd
 .text.EXTI_Init
                0x0000000008002658      0x150 build/machines/cortex/armv7em/stm32f407/STM32F4xx_StdPeriph_Driver/stm32f4xx_exti.c.o
                0x0000000008002658                EXTI_Init
 .text.SYSCFG_EXTILineConfig
                0x00000000080027a8      0x134 build/machines/cortex/armv7em/stm32f407/STM32F4xx_StdPeriph_Driver/stm32f4xx_syscfg.c.o
                0x00000000080027a8                SYSCFG_EXTILineConfig
 .text.NVIC_Init
                0x00000000080028dc       0xfc build/machines/cortex/armv7em/stm32f407/STM32F4xx_StdPeriph_Driver/misc.c.o
                0x00000000080028dc                NVIC_Init
 .text.STM_EVAL_LEDInit
                0x00000000080029d8       0x5c build/machines/cortex/armv7em/stm32f407/stm32f4discovery/stm32f4_discovery.c.o
                0x00000000080029d8                STM_EVAL_LEDInit
 .text.STM_EVAL_LEDOn
                0x0000000008002a34       0x30 build/machines/cortex/armv7em/stm32f407/stm32f4discovery/stm32f4_discovery.c.o
                0x0000000008002a34                STM_EVAL_LEDOn
 .text.STM_EVAL_LEDOff
                0x0000000008002a64       0x30 build/machines/cortex/armv7em/stm32f407/stm32f4discovery/stm32f4_discovery.c.o
                0x0000000008002a64                STM_EVAL_LEDOff
 .text.STM_EVAL_LEDToggle
                0x0000000008002a94       0x3c build/machines/cortex/armv7em/stm32f407/stm32f4discovery/stm32f4_discovery.c.o
                0x0000000008002a94                STM_EVAL_LEDToggle
 .text.STM_EVAL_PBInit
                0x0000000008002ad0       0x98 build/machines/cortex/armv7em/stm32f407/stm32f4discovery/stm32f4_discovery.c.o
                0x0000000008002ad0                STM_EVAL_PBInit
 .text.STM_EVAL_PBGetState
                0x0000000008002b68       0x2c build/machines/cortex/armv7em/stm32f407/stm32f4discovery/stm32f4_discovery.c.o
                0x0000000008002b68                STM_EVAL_PBGetState
 *(.glue_7)
 .glue_7        0x0000000008002b94        0x0 linker stubs
 *(.glue_7t)
 .glue_7t       0x0000000008002b94        0x0 linker stubs
 *(.eh_frame)
 *(.init)
 *(.fini)
                0x0000000008002b94                . = ALIGN (0x4)
                0x0000000008002b94                _etext = .
                0x0000000008002b94                _exit = .

.vfp11_veneer   0x0000000008002b94        0x0
 .vfp11_veneer  0x0000000008002b94        0x0 linker stubs

.v4_bx          0x0000000008002b94        0x0
 .v4_bx         0x0000000008002b94        0x0 linker stubs

.iplt           0x0000000008002b94        0x0
 .iplt          0x0000000008002b94        0x0 build/os/tpl_os_kernel.c.o

.after_vectors  0x0000000008002b94       0x98
 .after_vectors
                0x0000000008002b94       0x98 build/machines/cortex/armv7em/stm32f407/startup_stm32f4xx.c.o
                0x0000000008002b94                tpl_continue_reset_handler
                0x0000000008002be0                system_init

.rel.dyn        0x0000000008002c2c        0x0
 .rel.iplt      0x0000000008002c2c        0x0 build/os/tpl_os_kernel.c.o

.ARM.extab
 *(.ARM.extab* .gnu.linkonce.armextab.*)

.ARM            0x0000000008002c2c        0x0
                0x0000000008002c2c                __exidx_start = .
 *(.ARM.exidx*)
                0x0000000008002c2c                __exidx_end = .

.preinit_array  0x0000000008002c2c        0x4
                0x0000000008002c2c                PROVIDE (__preinit_array_start = .)
 *(.preinit_array*)
 .preinit_array_sysinit
                0x0000000008002c2c        0x4 build/machines/cortex/armv7em/stm32f407/startup_stm32f4xx.c.o
                0x0000000008002c2c                p_system_init
                0x0000000008002c30                PROVIDE (__preinit_array_end = .)

.init_array     0x0000000008002c30        0x0
                0x0000000008002c30                PROVIDE (__init_array_start = .)
 *(SORT_BY_NAME(.init_array.*))
 *(.init_array*)
                0x0000000008002c30                PROVIDE (__init_array_end = .)

.fini_array     0x0000000008002c30        0x0
                0x0000000008002c30                PROVIDE (__fini_array_start = .)
 *(.fini_array*)
 *(SORT_BY_NAME(.fini_array.*))
                0x0000000008002c30                PROVIDE (__fini_array_end = .)
                0x0000000008002c30                _sidata = .

.data           0x0000000020000000      0x134 load address 0x0000000008002c30
                0x0000000020000000                . = ALIGN (0x4)
                0x0000000020000000                _sdata = .
 *(.data)
 *(.data*)
 .data.SystemCoreClock
                0x0000000020000000        0x4 build/machines/cortex/armv7em/stm32f407/system_stm32f4xx.c.o
                0x0000000020000000                SystemCoreClock
 .data.GPIO_PORT
                0x0000000020000004       0x10 build/machines/cortex/armv7em/stm32f407/stm32f4discovery/stm32f4_discovery.c.o
                0x0000000020000004                GPIO_PORT
 .data.BUTTON_PORT
                0x0000000020000014        0x4 build/machines/cortex/armv7em/stm32f407/stm32f4discovery/stm32f4_discovery.c.o
                0x0000000020000014                BUTTON_PORT
 .data.previousState.5513
                0x0000000020000018        0x1 build/machines/cortex/armv7em/stm32f407/stm32f4discovery/tp.c.o
 *(.osVar)
 .osVar         0x0000000020000019        0x1 build/os/tpl_os_timeobj_kernel.c.o
 .osVar         0x000000002000001a        0x1 build/os/tpl_os_os_kernel.c.o
 *fill*         0x000000002000001b        0x1 
 .osVar         0x000000002000001c       0x14 build/os/tpl_os_interrupt_kernel.c.o
                0x000000002000001c                tpl_locking_depth
                0x0000000020000020                tpl_user_task_lock
                0x0000000020000024                tpl_cpt_user_task_lock_All
                0x0000000020000028                tpl_cpt_user_task_lock_OS
                0x000000002000002c                tpl_cpt_os_task_lock
 .osVar         0x0000000020000030      0x104 build/lab3/tpl_app_config.c.o
                0x0000000020000030                tpl_kern
                0x000000002000004c                tpl_ready_list
                0x0000000020000058                tpl_tail_for_prio
                0x000000002000005c                SystemCounter_counter_desc
                0x0000000020000078                res_sched_rez_desc
                0x0000000020000080                tpl_time_counter
                0x0000000020000084                IDLE_TASK_int_context
                0x00000000200000a8                IDLE_TASK_task_desc
                0x00000000200000b0                task_0_int_context
                0x00000000200000d4                task_0_task_desc
                0x00000000200000dc                a_task_int_context
                0x0000000020000100                a_task_task_desc
                0x0000000020000108                task_1_int_context
                0x000000002000012c                task_1_task_desc
 *(.Task_task_0_SEC_VAR_POWER_ON_INIT_32BIT)
 *(.Task_task_0_SEC_VAR_POWER_ON_INIT_16BIT)
 *(.Task_task_0_SEC_VAR_POWER_ON_INIT_8BIT)
 *(.Task_task_0_SEC_VAR_POWER_ON_INIT_BOOLEAN)
 *(.Task_task_0_SEC_VAR_POWER_ON_INIT_UNSPECIFIED)
 *(.Task_a_task_SEC_VAR_POWER_ON_INIT_32BIT)
 *(.Task_a_task_SEC_VAR_POWER_ON_INIT_16BIT)
 *(.Task_a_task_SEC_VAR_POWER_ON_INIT_8BIT)
 *(.Task_a_task_SEC_VAR_POWER_ON_INIT_BOOLEAN)
 *(.Task_a_task_SEC_VAR_POWER_ON_INIT_UNSPECIFIED)
 *(.Task_task_1_SEC_VAR_POWER_ON_INIT_32BIT)
 *(.Task_task_1_SEC_VAR_POWER_ON_INIT_16BIT)
 *(.Task_task_1_SEC_VAR_POWER_ON_INIT_8BIT)
 *(.Task_task_1_SEC_VAR_POWER_ON_INIT_BOOLEAN)
 *(.Task_task_1_SEC_VAR_POWER_ON_INIT_UNSPECIFIED)
                0x0000000020000134                . = ALIGN (0x4)
                0x0000000020000134                _edata = .

.igot.plt       0x0000000020000134        0x0 load address 0x0000000008002d64
 .igot.plt      0x0000000020000134        0x0 build/os/tpl_os_kernel.c.o

.Task_IDLE_TASKStack
                0x0000000020000134      0x12c load address 0x0000000008002d64
 .Task_IDLE_TASKStack
                0x0000000020000134      0x12c build/lab3/tpl_app_config.c.o
                0x0000000020000134                IDLE_TASK_stack_zone

.Task_task_0_SEC_VAR
                0x0000000020000260        0x0
                0x0000000020000260                . = ALIGN (__SEG_ALIGN_Task_task_0_VAR_RGN)
                0x0000000020000260                __SEG_START_Task_task_0_VAR_RGN = .
 *(.Task_task_0_SEC_VAR_NOINIT_32BIT)
 *(.Task_task_0_SEC_VAR_FAST_32BIT)
 *(.Task_task_0_SEC_VAR_32BIT)
 *(.Task_task_0_SEC_VAR_NOINIT_16BIT)
 *(.Task_task_0_SEC_VAR_FAST_16BIT)
 *(.Task_task_0_SEC_VAR_16BIT)
 *(.Task_task_0_SEC_VAR_NOINIT_8BIT)
 *(.Task_task_0_SEC_VAR_FAST_8BIT)
 *(.Task_task_0_SEC_VAR_8BIT)
 *(.Task_task_0_SEC_VAR_NOINIT_BOOLEAN)
 *(.Task_task_0_SEC_VAR_FAST_BOOLEAN)
 *(.Task_task_0_SEC_VAR_BOOLEAN)
 *(.Task_task_0_SEC_VAR_NOINIT_UNSPECIFIED)
 *(.Task_task_0_SEC_VAR_FAST_UNSPECIFIED)
 *(.Task_task_0_SEC_VAR_UNSPECIFIED)
                0x0000000020000260                __SEG_END_Task_task_0_VAR_RGN = .
                0x0000000020000280                __SEG_SIZE_Task_task_0_VAR_RGN = ((__SEG_END_Task_task_0_VAR_RGN - __SEG_START_Task_task_0_VAR_RGN) < 0x1000)?0x1000:__SEG_SIZE_Task_task_0_VAR_RGN
                0x0000000020000280                __SEG_SIZE_Task_task_0_VAR_RGN = ((__SEG_END_Task_task_0_VAR_RGN - __SEG_START_Task_task_0_VAR_RGN) < 0x400)?0x400:__SEG_SIZE_Task_task_0_VAR_RGN
                0x0000000020000280                __SEG_SIZE_Task_task_0_VAR_RGN = ((__SEG_END_Task_task_0_VAR_RGN - __SEG_START_Task_task_0_VAR_RGN) < 0x200)?0x200:__SEG_SIZE_Task_task_0_VAR_RGN
                0x0000000020000280                __SEG_SIZE_Task_task_0_VAR_RGN = ((__SEG_END_Task_task_0_VAR_RGN - __SEG_START_Task_task_0_VAR_RGN) < 0x100)?0x100:__SEG_SIZE_Task_task_0_VAR_RGN
                0x0000000020000280                __SEG_SIZE_Task_task_0_VAR_RGN = ((__SEG_END_Task_task_0_VAR_RGN - __SEG_START_Task_task_0_VAR_RGN) < 0x80)?0x80:__SEG_SIZE_Task_task_0_VAR_RGN
                0x0000000020000280                __SEG_SIZE_Task_task_0_VAR_RGN = ((__SEG_END_Task_task_0_VAR_RGN - __SEG_START_Task_task_0_VAR_RGN) < 0x40)?0x40:__SEG_SIZE_Task_task_0_VAR_RGN
                0x0000000020000280                __SEG_SIZE_Task_task_0_VAR_RGN = ((__SEG_END_Task_task_0_VAR_RGN - __SEG_START_Task_task_0_VAR_RGN) < 0x20)?0x20:__SEG_SIZE_Task_task_0_VAR_RGN
                0x0000000020000280                __SEG_ALIGN_Task_task_0_VAR_RGN = __SEG_SIZE_Task_task_0_VAR_RGN

.Task_a_task_SEC_VAR
                0x0000000020000260        0x0
                0x0000000020000260                . = ALIGN (__SEG_ALIGN_Task_a_task_VAR_RGN)
                0x0000000020000260                __SEG_START_Task_a_task_VAR_RGN = .
 *(.Task_a_task_SEC_VAR_NOINIT_32BIT)
 *(.Task_a_task_SEC_VAR_FAST_32BIT)
 *(.Task_a_task_SEC_VAR_32BIT)
 *(.Task_a_task_SEC_VAR_NOINIT_16BIT)
 *(.Task_a_task_SEC_VAR_FAST_16BIT)
 *(.Task_a_task_SEC_VAR_16BIT)
 *(.Task_a_task_SEC_VAR_NOINIT_8BIT)
 *(.Task_a_task_SEC_VAR_FAST_8BIT)
 *(.Task_a_task_SEC_VAR_8BIT)
 *(.Task_a_task_SEC_VAR_NOINIT_BOOLEAN)
 *(.Task_a_task_SEC_VAR_FAST_BOOLEAN)
 *(.Task_a_task_SEC_VAR_BOOLEAN)
 *(.Task_a_task_SEC_VAR_NOINIT_UNSPECIFIED)
 *(.Task_a_task_SEC_VAR_FAST_UNSPECIFIED)
 *(.Task_a_task_SEC_VAR_UNSPECIFIED)
                0x0000000020000260                __SEG_END_Task_a_task_VAR_RGN = .
                0x0000000020000280                __SEG_SIZE_Task_a_task_VAR_RGN = ((__SEG_END_Task_a_task_VAR_RGN - __SEG_START_Task_a_task_VAR_RGN) < 0x1000)?0x1000:__SEG_SIZE_Task_a_task_VAR_RGN
                0x0000000020000280                __SEG_SIZE_Task_a_task_VAR_RGN = ((__SEG_END_Task_a_task_VAR_RGN - __SEG_START_Task_a_task_VAR_RGN) < 0x400)?0x400:__SEG_SIZE_Task_a_task_VAR_RGN
                0x0000000020000280                __SEG_SIZE_Task_a_task_VAR_RGN = ((__SEG_END_Task_a_task_VAR_RGN - __SEG_START_Task_a_task_VAR_RGN) < 0x200)?0x200:__SEG_SIZE_Task_a_task_VAR_RGN
                0x0000000020000280                __SEG_SIZE_Task_a_task_VAR_RGN = ((__SEG_END_Task_a_task_VAR_RGN - __SEG_START_Task_a_task_VAR_RGN) < 0x100)?0x100:__SEG_SIZE_Task_a_task_VAR_RGN
                0x0000000020000280                __SEG_SIZE_Task_a_task_VAR_RGN = ((__SEG_END_Task_a_task_VAR_RGN - __SEG_START_Task_a_task_VAR_RGN) < 0x80)?0x80:__SEG_SIZE_Task_a_task_VAR_RGN
                0x0000000020000280                __SEG_SIZE_Task_a_task_VAR_RGN = ((__SEG_END_Task_a_task_VAR_RGN - __SEG_START_Task_a_task_VAR_RGN) < 0x40)?0x40:__SEG_SIZE_Task_a_task_VAR_RGN
                0x0000000020000280                __SEG_SIZE_Task_a_task_VAR_RGN = ((__SEG_END_Task_a_task_VAR_RGN - __SEG_START_Task_a_task_VAR_RGN) < 0x20)?0x20:__SEG_SIZE_Task_a_task_VAR_RGN
                0x0000000020000280                __SEG_ALIGN_Task_a_task_VAR_RGN = __SEG_SIZE_Task_a_task_VAR_RGN

.Task_task_1_SEC_VAR
                0x0000000020000260        0x0
                0x0000000020000260                . = ALIGN (__SEG_ALIGN_Task_task_1_VAR_RGN)
                0x0000000020000260                __SEG_START_Task_task_1_VAR_RGN = .
 *(.Task_task_1_SEC_VAR_NOINIT_32BIT)
 *(.Task_task_1_SEC_VAR_FAST_32BIT)
 *(.Task_task_1_SEC_VAR_32BIT)
 *(.Task_task_1_SEC_VAR_NOINIT_16BIT)
 *(.Task_task_1_SEC_VAR_FAST_16BIT)
 *(.Task_task_1_SEC_VAR_16BIT)
 *(.Task_task_1_SEC_VAR_NOINIT_8BIT)
 *(.Task_task_1_SEC_VAR_FAST_8BIT)
 *(.Task_task_1_SEC_VAR_8BIT)
 *(.Task_task_1_SEC_VAR_NOINIT_BOOLEAN)
 *(.Task_task_1_SEC_VAR_FAST_BOOLEAN)
 *(.Task_task_1_SEC_VAR_BOOLEAN)
 *(.Task_task_1_SEC_VAR_NOINIT_UNSPECIFIED)
 *(.Task_task_1_SEC_VAR_FAST_UNSPECIFIED)
 *(.Task_task_1_SEC_VAR_UNSPECIFIED)
                0x0000000020000260                __SEG_END_Task_task_1_VAR_RGN = .
                0x0000000020000280                __SEG_SIZE_Task_task_1_VAR_RGN = ((__SEG_END_Task_task_1_VAR_RGN - __SEG_START_Task_task_1_VAR_RGN) < 0x1000)?0x1000:__SEG_SIZE_Task_task_1_VAR_RGN
                0x0000000020000280                __SEG_SIZE_Task_task_1_VAR_RGN = ((__SEG_END_Task_task_1_VAR_RGN - __SEG_START_Task_task_1_VAR_RGN) < 0x400)?0x400:__SEG_SIZE_Task_task_1_VAR_RGN
                0x0000000020000280                __SEG_SIZE_Task_task_1_VAR_RGN = ((__SEG_END_Task_task_1_VAR_RGN - __SEG_START_Task_task_1_VAR_RGN) < 0x200)?0x200:__SEG_SIZE_Task_task_1_VAR_RGN
                0x0000000020000280                __SEG_SIZE_Task_task_1_VAR_RGN = ((__SEG_END_Task_task_1_VAR_RGN - __SEG_START_Task_task_1_VAR_RGN) < 0x100)?0x100:__SEG_SIZE_Task_task_1_VAR_RGN
                0x0000000020000280                __SEG_SIZE_Task_task_1_VAR_RGN = ((__SEG_END_Task_task_1_VAR_RGN - __SEG_START_Task_task_1_VAR_RGN) < 0x80)?0x80:__SEG_SIZE_Task_task_1_VAR_RGN
                0x0000000020000280                __SEG_SIZE_Task_task_1_VAR_RGN = ((__SEG_END_Task_task_1_VAR_RGN - __SEG_START_Task_task_1_VAR_RGN) < 0x40)?0x40:__SEG_SIZE_Task_task_1_VAR_RGN
                0x0000000020000280                __SEG_SIZE_Task_task_1_VAR_RGN = ((__SEG_END_Task_task_1_VAR_RGN - __SEG_START_Task_task_1_VAR_RGN) < 0x20)?0x20:__SEG_SIZE_Task_task_1_VAR_RGN
                0x0000000020000280                __SEG_ALIGN_Task_task_1_VAR_RGN = __SEG_SIZE_Task_task_1_VAR_RGN

.Task_task_0_SEC_STACK
                0x0000000020000260      0x2cc load address 0x0000000008002e90
                0x0000000020000400                . = ALIGN (__SEG_ALIGN_Task_task_0_STACK_RGN)
 *fill*         0x0000000020000260      0x1a0 
                0x0000000020000400                __SEG_START_Task_task_0_STACK_RGN = .
 *(.Task_task_0Stack)
 .Task_task_0Stack
                0x0000000020000400      0x12c build/lab3/tpl_app_config.c.o
                0x0000000020000400                task_0_stack_zone
                0x000000002000052c                . = ALIGN (0x4)
                0x000000002000052c                __SEG_END_Task_task_0_STACK_RGN = .
                0x0000000020000460                __SEG_SIZE_Task_task_0_STACK_RGN = ((__SEG_END_Task_task_0_STACK_RGN - __SEG_START_Task_task_0_STACK_RGN) < 0x1000)?0x1000:__SEG_SIZE_Task_task_0_STACK_RGN
                0x0000000020000460                __SEG_SIZE_Task_task_0_STACK_RGN = ((__SEG_END_Task_task_0_STACK_RGN - __SEG_START_Task_task_0_STACK_RGN) < 0x400)?0x400:__SEG_SIZE_Task_task_0_STACK_RGN
                0x0000000020000460                __SEG_SIZE_Task_task_0_STACK_RGN = ((__SEG_END_Task_task_0_STACK_RGN - __SEG_START_Task_task_0_STACK_RGN) < 0x200)?0x200:__SEG_SIZE_Task_task_0_STACK_RGN
                [0x0000000020000460]                __SEG_SIZE_Task_task_0_STACK_RGN = ((__SEG_END_Task_task_0_STACK_RGN - __SEG_START_Task_task_0_STACK_RGN) < 0x100)?0x100:__SEG_SIZE_Task_task_0_STACK_RGN
                [0x0000000020000460]                __SEG_SIZE_Task_task_0_STACK_RGN = ((__SEG_END_Task_task_0_STACK_RGN - __SEG_START_Task_task_0_STACK_RGN) < 0x80)?0x80:__SEG_SIZE_Task_task_0_STACK_RGN
                [0x0000000020000460]                __SEG_SIZE_Task_task_0_STACK_RGN = ((__SEG_END_Task_task_0_STACK_RGN - __SEG_START_Task_task_0_STACK_RGN) < 0x40)?0x40:__SEG_SIZE_Task_task_0_STACK_RGN
                [0x0000000020000460]                __SEG_SIZE_Task_task_0_STACK_RGN = ((__SEG_END_Task_task_0_STACK_RGN - __SEG_START_Task_task_0_STACK_RGN) < 0x20)?0x20:__SEG_SIZE_Task_task_0_STACK_RGN
                0x0000000020000460                __SEG_ALIGN_Task_task_0_STACK_RGN = __SEG_SIZE_Task_task_0_STACK_RGN

.Task_a_task_SEC_STACK
                0x000000002000052c      0x200 load address 0x000000000800315c
                0x0000000020000600                . = ALIGN (__SEG_ALIGN_Task_a_task_STACK_RGN)
 *fill*         0x000000002000052c       0xd4 
                0x0000000020000600                __SEG_START_Task_a_task_STACK_RGN = .
 *(.Task_a_taskStack)
 .Task_a_taskStack
                0x0000000020000600      0x12c build/lab3/tpl_app_config.c.o
                0x0000000020000600                a_task_stack_zone
                0x000000002000072c                . = ALIGN (0x4)
                0x000000002000072c                __SEG_END_Task_a_task_STACK_RGN = .
                0x000000002000072c                __SEG_SIZE_Task_a_task_STACK_RGN = ((__SEG_END_Task_a_task_STACK_RGN - __SEG_START_Task_a_task_STACK_RGN) < 0x1000)?0x1000:__SEG_SIZE_Task_a_task_STACK_RGN
                0x000000002000072c                __SEG_SIZE_Task_a_task_STACK_RGN = ((__SEG_END_Task_a_task_STACK_RGN - __SEG_START_Task_a_task_STACK_RGN) < 0x400)?0x400:__SEG_SIZE_Task_a_task_STACK_RGN
                0x000000002000072c                __SEG_SIZE_Task_a_task_STACK_RGN = ((__SEG_END_Task_a_task_STACK_RGN - __SEG_START_Task_a_task_STACK_RGN) < 0x200)?0x200:__SEG_SIZE_Task_a_task_STACK_RGN
                [0x000000002000072c]                __SEG_SIZE_Task_a_task_STACK_RGN = ((__SEG_END_Task_a_task_STACK_RGN - __SEG_START_Task_a_task_STACK_RGN) < 0x100)?0x100:__SEG_SIZE_Task_a_task_STACK_RGN
                [0x000000002000072c]                __SEG_SIZE_Task_a_task_STACK_RGN = ((__SEG_END_Task_a_task_STACK_RGN - __SEG_START_Task_a_task_STACK_RGN) < 0x80)?0x80:__SEG_SIZE_Task_a_task_STACK_RGN
                [0x000000002000072c]                __SEG_SIZE_Task_a_task_STACK_RGN = ((__SEG_END_Task_a_task_STACK_RGN - __SEG_START_Task_a_task_STACK_RGN) < 0x40)?0x40:__SEG_SIZE_Task_a_task_STACK_RGN
                [0x000000002000072c]                __SEG_SIZE_Task_a_task_STACK_RGN = ((__SEG_END_Task_a_task_STACK_RGN - __SEG_START_Task_a_task_STACK_RGN) < 0x20)?0x20:__SEG_SIZE_Task_a_task_STACK_RGN
                0x000000002000072c                __SEG_ALIGN_Task_a_task_STACK_RGN = __SEG_SIZE_Task_a_task_STACK_RGN

.Task_task_1_SEC_STACK
                0x000000002000072c      0x200 load address 0x000000000800335c
                0x0000000020000800                . = ALIGN (__SEG_ALIGN_Task_task_1_STACK_RGN)
 *fill*         0x000000002000072c       0xd4 
                0x0000000020000800                __SEG_START_Task_task_1_STACK_RGN = .
 *(.Task_task_1Stack)
 .Task_task_1Stack
                0x0000000020000800      0x12c build/lab3/tpl_app_config.c.o
                0x0000000020000800                task_1_stack_zone
                0x000000002000092c                . = ALIGN (0x4)
                0x000000002000092c                __SEG_END_Task_task_1_STACK_RGN = .
                0x000000002000092c                __SEG_SIZE_Task_task_1_STACK_RGN = ((__SEG_END_Task_task_1_STACK_RGN - __SEG_START_Task_task_1_STACK_RGN) < 0x1000)?0x1000:__SEG_SIZE_Task_task_1_STACK_RGN
                0x000000002000092c                __SEG_SIZE_Task_task_1_STACK_RGN = ((__SEG_END_Task_task_1_STACK_RGN - __SEG_START_Task_task_1_STACK_RGN) < 0x400)?0x400:__SEG_SIZE_Task_task_1_STACK_RGN
                0x000000002000092c                __SEG_SIZE_Task_task_1_STACK_RGN = ((__SEG_END_Task_task_1_STACK_RGN - __SEG_START_Task_task_1_STACK_RGN) < 0x200)?0x200:__SEG_SIZE_Task_task_1_STACK_RGN
                [0x000000002000092c]                __SEG_SIZE_Task_task_1_STACK_RGN = ((__SEG_END_Task_task_1_STACK_RGN - __SEG_START_Task_task_1_STACK_RGN) < 0x100)?0x100:__SEG_SIZE_Task_task_1_STACK_RGN
                [0x000000002000092c]                __SEG_SIZE_Task_task_1_STACK_RGN = ((__SEG_END_Task_task_1_STACK_RGN - __SEG_START_Task_task_1_STACK_RGN) < 0x80)?0x80:__SEG_SIZE_Task_task_1_STACK_RGN
                [0x000000002000092c]                __SEG_SIZE_Task_task_1_STACK_RGN = ((__SEG_END_Task_task_1_STACK_RGN - __SEG_START_Task_task_1_STACK_RGN) < 0x40)?0x40:__SEG_SIZE_Task_task_1_STACK_RGN
                [0x000000002000092c]                __SEG_SIZE_Task_task_1_STACK_RGN = ((__SEG_END_Task_task_1_STACK_RGN - __SEG_START_Task_task_1_STACK_RGN) < 0x20)?0x20:__SEG_SIZE_Task_task_1_STACK_RGN
                0x000000002000092c                __SEG_ALIGN_Task_task_1_STACK_RGN = __SEG_SIZE_Task_task_1_STACK_RGN

appvars
                0x000000002000092c                . = ALIGN (0x4)

.bss            0x000000002000092c        0x0
                0x000000002000092c                _sbss = .
                0x000000002000092c                __bss_start__ = _sbss
 *(.bss)
 *(.bss*)
 *(COMMON)
                0x000000002000092c                . = ALIGN (0x4)
                0x000000002000092c                _ebss = .
                0x000000002000092c                __bss_end__ = _ebss

._user_heap_stack
                0x000000002000092c      0x400 load address 0x000000000800355c
                0x000000002000092c                . = ALIGN (0x4)
                0x000000002000092c                __heap_start__ = .
                [!provide]                        PROVIDE (end = .)
                [!provide]                        PROVIDE (_end = .)
                0x000000002000092c                . = (. + _Min_Heap_Size)
                0x0000000020000d2c                . = (. + _Min_Stack_Size)
 *fill*         0x000000002000092c      0x400 
                0x0000000020000d2c                . = ALIGN (0x4)

.memory_b1_text
 *(.mb1text)
 *(.mb1text*)
 *(.mb1rodata)
 *(.mb1rodata*)

/DISCARD/
 libc.a(*)
 libm.a(*)
 libgcc.a(*)

.ARM.attributes
                0x0000000000000000       0x30
 *(.ARM.attributes)
 .ARM.attributes
                0x0000000000000000       0x2e build/os/tpl_os_kernel.c.o
 .ARM.attributes
                0x000000000000002e       0x2e build/os/tpl_os_timeobj_kernel.c.o
 .ARM.attributes
                0x000000000000005c       0x2e build/os/tpl_os_os_kernel.c.o
 .ARM.attributes
                0x000000000000008a       0x2e build/os/tpl_os_os.c.o
 .ARM.attributes
                0x00000000000000b8       0x2e build/os/tpl_os_interrupt_kernel.c.o
 .ARM.attributes
                0x00000000000000e6       0x2e build/os/tpl_os_task_kernel.c.o
 .ARM.attributes
                0x0000000000000114       0x2e build/os/tpl_os_resource_kernel.c.o
 .ARM.attributes
                0x0000000000000142       0x2e build/lab3.c.o
 .ARM.attributes
                0x0000000000000170       0x2e build/lab3/tpl_app_config.c.o
 .ARM.attributes
                0x000000000000019e       0x37 build/lab3/tpl_dispatch_table.c.o
 .ARM.attributes
                0x00000000000001d5       0x20 build/lab3/tpl_invoque.S.o
 .ARM.attributes
                0x00000000000001f5       0x20 build/lab3/tpl_primary_irq.S.o
 .ARM.attributes
                0x0000000000000215       0x37 build/lab3/tpl_vectors.c.o
 .ARM.attributes
                0x000000000000024c       0x2e build/lab3/tpl_external_interrupts.c.o
 .ARM.attributes
                0x000000000000027a       0x2e build/lab3/tpl_app_interrupts.c.o
 .ARM.attributes
                0x00000000000002a8       0x2e build/machines/cortex/tpl_machine_cortex.c.o
 .ARM.attributes
                0x00000000000002d6       0x20 build/machines/cortex/tpl_sc_handler.S.o
 .ARM.attributes
                0x00000000000002f6       0x20 build/machines/cortex/tpl_startup.S.o
 .ARM.attributes
                0x0000000000000316       0x20 build/machines/cortex/armv7em/tpl_ctx_switch.S.o
 .ARM.attributes
                0x0000000000000336       0x20 build/machines/cortex/armv7em/tpl_ctx_switch_under_it.S.o
 .ARM.attributes
                0x0000000000000356       0x20 build/machines/cortex/armv7em/tpl_interrupts.S.o
 .ARM.attributes
                0x0000000000000376       0x2e build/machines/cortex/armv7em/stm32f407/tpl_machine_stm32f407.c.o
 .ARM.attributes
                0x00000000000003a4       0x2e build/machines/cortex/armv7em/stm32f407/startup_stm32f4xx.c.o
 .ARM.attributes
                0x00000000000003d2       0x2e build/machines/cortex/armv7em/stm32f407/system_stm32f4xx.c.o
 .ARM.attributes
                0x0000000000000400       0x2e build/machines/cortex/armv7em/stm32f407/handlers_stm32f4xx.c.o
 .ARM.attributes
                0x000000000000042e       0x2e build/machines/cortex/armv7em/stm32f407/STM32F4xx_StdPeriph_Driver/stm32f4xx_gpio.c.o
 .ARM.attributes
                0x000000000000045c       0x2e build/machines/cortex/armv7em/stm32f407/STM32F4xx_StdPeriph_Driver/stm32f4xx_rcc.c.o
 .ARM.attributes
                0x000000000000048a       0x2e build/machines/cortex/armv7em/stm32f407/STM32F4xx_StdPeriph_Driver/stm32f4xx_exti.c.o
 .ARM.attributes
                0x00000000000004b8       0x2e build/machines/cortex/armv7em/stm32f407/STM32F4xx_StdPeriph_Driver/stm32f4xx_syscfg.c.o
 .ARM.attributes
                0x00000000000004e6       0x2e build/machines/cortex/armv7em/stm32f407/STM32F4xx_StdPeriph_Driver/misc.c.o
 .ARM.attributes
                0x0000000000000514       0x2e build/machines/cortex/armv7em/stm32f407/stm32f4discovery/stm32f4_discovery.c.o
 .ARM.attributes
                0x0000000000000542       0x2e build/machines/cortex/armv7em/stm32f407/stm32f4discovery/tp.c.o
LOAD /usr/lib/gcc/arm-none-eabi/9.2.1/../../../arm-none-eabi/lib/thumb/v7e-m/nofp/libc.a
LOAD /usr/lib/gcc/arm-none-eabi/9.2.1/thumb/v7e-m/nofp/libgcc.a
OUTPUT(lab3_exe elf32-littlearm)
LOAD linker stubs
LOAD /usr/lib/gcc/arm-none-eabi/9.2.1/../../../arm-none-eabi/lib/thumb/v7e-m/nofp/libc.a
LOAD /usr/lib/gcc/arm-none-eabi/9.2.1/../../../arm-none-eabi/lib/thumb/v7e-m/nofp/libm.a
LOAD /usr/lib/gcc/arm-none-eabi/9.2.1/thumb/v7e-m/nofp/libgcc.a

.debug_info     0x0000000000000000     0xaf5b
 .debug_info    0x0000000000000000      0xd30 build/os/tpl_os_kernel.c.o
 .debug_info    0x0000000000000d30      0x831 build/os/tpl_os_timeobj_kernel.c.o
 .debug_info    0x0000000000001561      0x73a build/os/tpl_os_os_kernel.c.o
 .debug_info    0x0000000000001c9b      0x52c build/os/tpl_os_os.c.o
 .debug_info    0x00000000000021c7      0x7b8 build/os/tpl_os_interrupt_kernel.c.o
 .debug_info    0x000000000000297f      0x7e5 build/os/tpl_os_task_kernel.c.o
 .debug_info    0x0000000000003164      0x7f1 build/os/tpl_os_resource_kernel.c.o
 .debug_info    0x0000000000003955      0x347 build/lab3.c.o
 .debug_info    0x0000000000003c9c      0xa39 build/lab3/tpl_app_config.c.o
 .debug_info    0x00000000000046d5      0x5a6 build/lab3/tpl_dispatch_table.c.o
 .debug_info    0x0000000000004c7b       0x26 build/lab3/tpl_invoque.S.o
 .debug_info    0x0000000000004ca1       0x26 build/lab3/tpl_primary_irq.S.o
 .debug_info    0x0000000000004cc7      0x5c0 build/lab3/tpl_vectors.c.o
 .debug_info    0x0000000000005287      0x363 build/lab3/tpl_external_interrupts.c.o
 .debug_info    0x00000000000055ea      0x512 build/lab3/tpl_app_interrupts.c.o
 .debug_info    0x0000000000005afc      0xca4 build/machines/cortex/tpl_machine_cortex.c.o
 .debug_info    0x00000000000067a0       0x26 build/machines/cortex/tpl_sc_handler.S.o
 .debug_info    0x00000000000067c6       0x26 build/machines/cortex/tpl_startup.S.o
 .debug_info    0x00000000000067ec       0x26 build/machines/cortex/armv7em/tpl_ctx_switch.S.o
 .debug_info    0x0000000000006812       0x26 build/machines/cortex/armv7em/tpl_ctx_switch_under_it.S.o
 .debug_info    0x0000000000006838       0x26 build/machines/cortex/armv7em/tpl_interrupts.S.o
 .debug_info    0x000000000000685e      0x757 build/machines/cortex/armv7em/stm32f407/tpl_machine_stm32f407.c.o
 .debug_info    0x0000000000006fb5      0x299 build/machines/cortex/armv7em/stm32f407/startup_stm32f4xx.c.o
 .debug_info    0x000000000000724e      0x638 build/machines/cortex/armv7em/stm32f407/system_stm32f4xx.c.o
 .debug_info    0x0000000000007886      0xa8c build/machines/cortex/armv7em/stm32f407/handlers_stm32f4xx.c.o
 .debug_info    0x0000000000008312      0x64f build/machines/cortex/armv7em/stm32f407/STM32F4xx_StdPeriph_Driver/stm32f4xx_gpio.c.o
 .debug_info    0x0000000000008961      0xf08 build/machines/cortex/armv7em/stm32f407/STM32F4xx_StdPeriph_Driver/stm32f4xx_rcc.c.o
 .debug_info    0x0000000000009869      0x383 build/machines/cortex/armv7em/stm32f407/STM32F4xx_StdPeriph_Driver/stm32f4xx_exti.c.o
 .debug_info    0x0000000000009bec      0x2a0 build/machines/cortex/armv7em/stm32f407/STM32F4xx_StdPeriph_Driver/stm32f4xx_syscfg.c.o
 .debug_info    0x0000000000009e8c      0x56e build/machines/cortex/armv7em/stm32f407/STM32F4xx_StdPeriph_Driver/misc.c.o
 .debug_info    0x000000000000a3fa      0x8e8 build/machines/cortex/armv7em/stm32f407/stm32f4discovery/stm32f4_discovery.c.o
 .debug_info    0x000000000000ace2      0x279 build/machines/cortex/armv7em/stm32f407/stm32f4discovery/tp.c.o

.debug_abbrev   0x0000000000000000     0x2a57
 .debug_abbrev  0x0000000000000000      0x291 build/os/tpl_os_kernel.c.o
 .debug_abbrev  0x0000000000000291      0x1ea build/os/tpl_os_timeobj_kernel.c.o
 .debug_abbrev  0x000000000000047b      0x189 build/os/tpl_os_os_kernel.c.o
 .debug_abbrev  0x0000000000000604      0x14a build/os/tpl_os_os.c.o
 .debug_abbrev  0x000000000000074e      0x1f3 build/os/tpl_os_interrupt_kernel.c.o
 .debug_abbrev  0x0000000000000941      0x1cb build/os/tpl_os_task_kernel.c.o
 .debug_abbrev  0x0000000000000b0c      0x1ad build/os/tpl_os_resource_kernel.c.o
 .debug_abbrev  0x0000000000000cb9      0x155 build/lab3.c.o
 .debug_abbrev  0x0000000000000e0e      0x1b3 build/lab3/tpl_app_config.c.o
 .debug_abbrev  0x0000000000000fc1      0x121 build/lab3/tpl_dispatch_table.c.o
 .debug_abbrev  0x00000000000010e2       0x14 build/lab3/tpl_invoque.S.o
 .debug_abbrev  0x00000000000010f6       0x14 build/lab3/tpl_primary_irq.S.o
 .debug_abbrev  0x000000000000110a      0x156 build/lab3/tpl_vectors.c.o
 .debug_abbrev  0x0000000000001260       0xf2 build/lab3/tpl_external_interrupts.c.o
 .debug_abbrev  0x0000000000001352      0x139 build/lab3/tpl_app_interrupts.c.o
 .debug_abbrev  0x000000000000148b      0x335 build/machines/cortex/tpl_machine_cortex.c.o
 .debug_abbrev  0x00000000000017c0       0x14 build/machines/cortex/tpl_sc_handler.S.o
 .debug_abbrev  0x00000000000017d4       0x14 build/machines/cortex/tpl_startup.S.o
 .debug_abbrev  0x00000000000017e8       0x14 build/machines/cortex/armv7em/tpl_ctx_switch.S.o
 .debug_abbrev  0x00000000000017fc       0x14 build/machines/cortex/armv7em/tpl_ctx_switch_under_it.S.o
 .debug_abbrev  0x0000000000001810       0x14 build/machines/cortex/armv7em/tpl_interrupts.S.o
 .debug_abbrev  0x0000000000001824      0x1b0 build/machines/cortex/armv7em/stm32f407/tpl_machine_stm32f407.c.o
 .debug_abbrev  0x00000000000019d4      0x145 build/machines/cortex/armv7em/stm32f407/startup_stm32f4xx.c.o
 .debug_abbrev  0x0000000000001b19      0x178 build/machines/cortex/armv7em/stm32f407/system_stm32f4xx.c.o
 .debug_abbrev  0x0000000000001c91      0x1b8 build/machines/cortex/armv7em/stm32f407/handlers_stm32f4xx.c.o
 .debug_abbrev  0x0000000000001e49      0x202 build/machines/cortex/armv7em/stm32f407/STM32F4xx_StdPeriph_Driver/stm32f4xx_gpio.c.o
 .debug_abbrev  0x000000000000204b      0x1f7 build/machines/cortex/armv7em/stm32f407/STM32F4xx_StdPeriph_Driver/stm32f4xx_rcc.c.o
 .debug_abbrev  0x0000000000002242      0x206 build/machines/cortex/armv7em/stm32f407/STM32F4xx_StdPeriph_Driver/stm32f4xx_exti.c.o
 .debug_abbrev  0x0000000000002448      0x164 build/machines/cortex/armv7em/stm32f407/STM32F4xx_StdPeriph_Driver/stm32f4xx_syscfg.c.o
 .debug_abbrev  0x00000000000025ac      0x196 build/machines/cortex/armv7em/stm32f407/STM32F4xx_StdPeriph_Driver/misc.c.o
 .debug_abbrev  0x0000000000002742      0x1eb build/machines/cortex/armv7em/stm32f407/stm32f4discovery/stm32f4_discovery.c.o
 .debug_abbrev  0x000000000000292d      0x12a build/machines/cortex/armv7em/stm32f407/stm32f4discovery/tp.c.o

.debug_aranges  0x0000000000000000      0x938
 .debug_aranges
                0x0000000000000000       0xd8 build/os/tpl_os_kernel.c.o
 .debug_aranges
                0x00000000000000d8       0x40 build/os/tpl_os_timeobj_kernel.c.o
 .debug_aranges
                0x0000000000000118       0x38 build/os/tpl_os_os_kernel.c.o
 .debug_aranges
                0x0000000000000150       0x20 build/os/tpl_os_os.c.o
 .debug_aranges
                0x0000000000000170       0x68 build/os/tpl_os_interrupt_kernel.c.o
 .debug_aranges
                0x00000000000001d8       0x48 build/os/tpl_os_task_kernel.c.o
 .debug_aranges
                0x0000000000000220       0x30 build/os/tpl_os_resource_kernel.c.o
 .debug_aranges
                0x0000000000000250       0x50 build/lab3.c.o
 .debug_aranges
                0x00000000000002a0       0x28 build/lab3/tpl_app_config.c.o
 .debug_aranges
                0x00000000000002c8       0x18 build/lab3/tpl_dispatch_table.c.o
 .debug_aranges
                0x00000000000002e0       0x20 build/lab3/tpl_invoque.S.o
 .debug_aranges
                0x0000000000000300       0x20 build/lab3/tpl_primary_irq.S.o
 .debug_aranges
                0x0000000000000320       0x18 build/lab3/tpl_vectors.c.o
 .debug_aranges
                0x0000000000000338       0x20 build/lab3/tpl_external_interrupts.c.o
 .debug_aranges
                0x0000000000000358       0x30 build/lab3/tpl_app_interrupts.c.o
 .debug_aranges
                0x0000000000000388       0x58 build/machines/cortex/tpl_machine_cortex.c.o
 .debug_aranges
                0x00000000000003e0       0x20 build/machines/cortex/tpl_sc_handler.S.o
 .debug_aranges
                0x0000000000000400       0x20 build/machines/cortex/tpl_startup.S.o
 .debug_aranges
                0x0000000000000420       0x20 build/machines/cortex/armv7em/tpl_ctx_switch.S.o
 .debug_aranges
                0x0000000000000440       0x20 build/machines/cortex/armv7em/tpl_ctx_switch_under_it.S.o
 .debug_aranges
                0x0000000000000460       0x20 build/machines/cortex/armv7em/tpl_interrupts.S.o
 .debug_aranges
                0x0000000000000480       0x30 build/machines/cortex/armv7em/stm32f407/tpl_machine_stm32f407.c.o
 .debug_aranges
                0x00000000000004b0       0x38 build/machines/cortex/armv7em/stm32f407/startup_stm32f4xx.c.o
 .debug_aranges
                0x00000000000004e8       0x30 build/machines/cortex/armv7em/stm32f407/system_stm32f4xx.c.o
 .debug_aranges
                0x0000000000000518       0x60 build/machines/cortex/armv7em/stm32f407/handlers_stm32f4xx.c.o
 .debug_aranges
                0x0000000000000578       0x88 build/machines/cortex/armv7em/stm32f407/STM32F4xx_StdPeriph_Driver/stm32f4xx_gpio.c.o
 .debug_aranges
                0x0000000000000600      0x1c0 build/machines/cortex/armv7em/stm32f407/STM32F4xx_StdPeriph_Driver/stm32f4xx_rcc.c.o
 .debug_aranges
                0x00000000000007c0       0x58 build/machines/cortex/armv7em/stm32f407/STM32F4xx_StdPeriph_Driver/stm32f4xx_exti.c.o
 .debug_aranges
                0x0000000000000818       0x50 build/machines/cortex/armv7em/stm32f407/STM32F4xx_StdPeriph_Driver/stm32f4xx_syscfg.c.o
 .debug_aranges
                0x0000000000000868       0x40 build/machines/cortex/armv7em/stm32f407/STM32F4xx_StdPeriph_Driver/misc.c.o
 .debug_aranges
                0x00000000000008a8       0x48 build/machines/cortex/armv7em/stm32f407/stm32f4discovery/stm32f4_discovery.c.o
 .debug_aranges
                0x00000000000008f0       0x48 build/machines/cortex/armv7em/stm32f407/stm32f4discovery/tp.c.o

.debug_ranges   0x0000000000000000      0x6d0
 .debug_ranges  0x0000000000000000       0xe0 build/os/tpl_os_kernel.c.o
 .debug_ranges  0x00000000000000e0       0x30 build/os/tpl_os_timeobj_kernel.c.o
 .debug_ranges  0x0000000000000110       0x28 build/os/tpl_os_os_kernel.c.o
 .debug_ranges  0x0000000000000138       0x10 build/os/tpl_os_os.c.o
 .debug_ranges  0x0000000000000148       0x58 build/os/tpl_os_interrupt_kernel.c.o
 .debug_ranges  0x00000000000001a0       0x38 build/os/tpl_os_task_kernel.c.o
 .debug_ranges  0x00000000000001d8       0x20 build/os/tpl_os_resource_kernel.c.o
 .debug_ranges  0x00000000000001f8       0x40 build/lab3.c.o
 .debug_ranges  0x0000000000000238       0x18 build/lab3/tpl_app_config.c.o
 .debug_ranges  0x0000000000000250       0x10 build/lab3/tpl_external_interrupts.c.o
 .debug_ranges  0x0000000000000260       0x20 build/lab3/tpl_app_interrupts.c.o
 .debug_ranges  0x0000000000000280       0x48 build/machines/cortex/tpl_machine_cortex.c.o
 .debug_ranges  0x00000000000002c8       0x20 build/machines/cortex/armv7em/stm32f407/tpl_machine_stm32f407.c.o
 .debug_ranges  0x00000000000002e8       0x28 build/machines/cortex/armv7em/stm32f407/startup_stm32f4xx.c.o
 .debug_ranges  0x0000000000000310       0x20 build/machines/cortex/armv7em/stm32f407/system_stm32f4xx.c.o
 .debug_ranges  0x0000000000000330       0x50 build/machines/cortex/armv7em/stm32f407/handlers_stm32f4xx.c.o
 .debug_ranges  0x0000000000000380       0x78 build/machines/cortex/armv7em/stm32f407/STM32F4xx_StdPeriph_Driver/stm32f4xx_gpio.c.o
 .debug_ranges  0x00000000000003f8      0x1b0 build/machines/cortex/armv7em/stm32f407/STM32F4xx_StdPeriph_Driver/stm32f4xx_rcc.c.o
 .debug_ranges  0x00000000000005a8       0x48 build/machines/cortex/armv7em/stm32f407/STM32F4xx_StdPeriph_Driver/stm32f4xx_exti.c.o
 .debug_ranges  0x00000000000005f0       0x40 build/machines/cortex/armv7em/stm32f407/STM32F4xx_StdPeriph_Driver/stm32f4xx_syscfg.c.o
 .debug_ranges  0x0000000000000630       0x30 build/machines/cortex/armv7em/stm32f407/STM32F4xx_StdPeriph_Driver/misc.c.o
 .debug_ranges  0x0000000000000660       0x38 build/machines/cortex/armv7em/stm32f407/stm32f4discovery/stm32f4_discovery.c.o
 .debug_ranges  0x0000000000000698       0x38 build/machines/cortex/armv7em/stm32f407/stm32f4discovery/tp.c.o

.debug_line     0x0000000000000000     0x6034
 .debug_line    0x0000000000000000      0x67a build/os/tpl_os_kernel.c.o
 .debug_line    0x000000000000067a      0x3f4 build/os/tpl_os_timeobj_kernel.c.o
 .debug_line    0x0000000000000a6e      0x23c build/os/tpl_os_os_kernel.c.o
 .debug_line    0x0000000000000caa      0x1ea build/os/tpl_os_os.c.o
 .debug_line    0x0000000000000e94      0x2e0 build/os/tpl_os_interrupt_kernel.c.o
 .debug_line    0x0000000000001174      0x380 build/os/tpl_os_task_kernel.c.o
 .debug_line    0x00000000000014f4      0x32e build/os/tpl_os_resource_kernel.c.o
 .debug_line    0x0000000000001822      0x30b build/lab3.c.o
 .debug_line    0x0000000000001b2d      0x261 build/lab3/tpl_app_config.c.o
 .debug_line    0x0000000000001d8e      0x205 build/lab3/tpl_dispatch_table.c.o
 .debug_line    0x0000000000001f93      0x120 build/lab3/tpl_invoque.S.o
 .debug_line    0x00000000000020b3       0x5b build/lab3/tpl_primary_irq.S.o
 .debug_line    0x000000000000210e      0x21a build/lab3/tpl_vectors.c.o
 .debug_line    0x0000000000002328      0x19b build/lab3/tpl_external_interrupts.c.o
 .debug_line    0x00000000000024c3      0x1d8 build/lab3/tpl_app_interrupts.c.o
 .debug_line    0x000000000000269b      0x345 build/machines/cortex/tpl_machine_cortex.c.o
 .debug_line    0x00000000000029e0       0x92 build/machines/cortex/tpl_sc_handler.S.o
 .debug_line    0x0000000000002a72       0x60 build/machines/cortex/tpl_startup.S.o
 .debug_line    0x0000000000002ad2       0x82 build/machines/cortex/armv7em/tpl_ctx_switch.S.o
 .debug_line    0x0000000000002b54       0x87 build/machines/cortex/armv7em/tpl_ctx_switch_under_it.S.o
 .debug_line    0x0000000000002bdb       0x79 build/machines/cortex/armv7em/tpl_interrupts.S.o
 .debug_line    0x0000000000002c54      0x23b build/machines/cortex/armv7em/stm32f407/tpl_machine_stm32f407.c.o
 .debug_line    0x0000000000002e8f      0x19a build/machines/cortex/armv7em/stm32f407/startup_stm32f4xx.c.o
 .debug_line    0x0000000000003029      0x2c7 build/machines/cortex/armv7em/stm32f407/system_stm32f4xx.c.o
 .debug_line    0x00000000000032f0      0x3b8 build/machines/cortex/armv7em/stm32f407/handlers_stm32f4xx.c.o
 .debug_line    0x00000000000036a8      0xa1b build/machines/cortex/armv7em/stm32f407/STM32F4xx_StdPeriph_Driver/stm32f4xx_gpio.c.o
 .debug_line    0x00000000000040c3      0xfbc build/machines/cortex/armv7em/stm32f407/STM32F4xx_StdPeriph_Driver/stm32f4xx_rcc.c.o
 .debug_line    0x000000000000507f      0x465 build/machines/cortex/armv7em/stm32f407/STM32F4xx_StdPeriph_Driver/stm32f4xx_exti.c.o
 .debug_line    0x00000000000054e4      0x31b build/machines/cortex/armv7em/stm32f407/STM32F4xx_StdPeriph_Driver/stm32f4xx_syscfg.c.o
 .debug_line    0x00000000000057ff      0x2f1 build/machines/cortex/armv7em/stm32f407/STM32F4xx_StdPeriph_Driver/misc.c.o
 .debug_line    0x0000000000005af0      0x2e1 build/machines/cortex/armv7em/stm32f407/stm32f4discovery/stm32f4_discovery.c.o
 .debug_line    0x0000000000005dd1      0x263 build/machines/cortex/armv7em/stm32f407/stm32f4discovery/tp.c.o

.debug_str      0x0000000000000000     0x30a9
 .debug_str     0x0000000000000000      0x886 build/os/tpl_os_kernel.c.o
                                        0x98f (size before relaxing)
 .debug_str     0x0000000000000886       0xee build/os/tpl_os_timeobj_kernel.c.o
                                        0x71b (size before relaxing)
 .debug_str     0x0000000000000974       0x92 build/os/tpl_os_os_kernel.c.o
                                        0x6fc (size before relaxing)
 .debug_str     0x0000000000000a06       0x40 build/os/tpl_os_os.c.o
                                        0x55b (size before relaxing)
 .debug_str     0x0000000000000a46      0x1ca build/os/tpl_os_interrupt_kernel.c.o
                                        0x800 (size before relaxing)
 .debug_str     0x0000000000000c10       0xb8 build/os/tpl_os_task_kernel.c.o
                                        0x71b (size before relaxing)
 .debug_str     0x0000000000000cc8       0xa0 build/os/tpl_os_resource_kernel.c.o
                                        0x728 (size before relaxing)
 .debug_str     0x0000000000000d68       0xdb build/lab3.c.o
                                        0x3a2 (size before relaxing)
 .debug_str     0x0000000000000e43      0x1d3 build/lab3/tpl_app_config.c.o
                                        0x8ce (size before relaxing)
 .debug_str     0x0000000000001016       0x3d build/lab3/tpl_dispatch_table.c.o
                                        0x593 (size before relaxing)
 .debug_str     0x0000000000001053       0x1f build/lab3/tpl_invoque.S.o
                                         0x78 (size before relaxing)
 .debug_str     0x0000000000001072       0x17 build/lab3/tpl_primary_irq.S.o
                                         0x7c (size before relaxing)
 .debug_str     0x0000000000001089       0x31 build/lab3/tpl_vectors.c.o
                                        0x5ad (size before relaxing)
 .debug_str     0x00000000000010ba      0x158 build/lab3/tpl_external_interrupts.c.o
                                        0x3a8 (size before relaxing)
 .debug_str     0x0000000000001212       0x62 build/lab3/tpl_app_interrupts.c.o
                                        0x563 (size before relaxing)
 .debug_str     0x0000000000001274      0x6a9 build/machines/cortex/tpl_machine_cortex.c.o
                                        0xcab (size before relaxing)
 .debug_str     0x000000000000191d       0x2d build/machines/cortex/tpl_sc_handler.S.o
                                         0x92 (size before relaxing)
 .debug_str     0x000000000000194a       0x2a build/machines/cortex/tpl_startup.S.o
                                         0x8f (size before relaxing)
 .debug_str     0x0000000000001974       0x35 build/machines/cortex/armv7em/tpl_ctx_switch.S.o
                                         0x9a (size before relaxing)
 .debug_str     0x00000000000019a9       0x3e build/machines/cortex/armv7em/tpl_ctx_switch_under_it.S.o
                                         0xa3 (size before relaxing)
 .debug_str     0x00000000000019e7       0x35 build/machines/cortex/armv7em/tpl_interrupts.S.o
                                         0x9a (size before relaxing)
 .debug_str     0x0000000000001a1c       0x95 build/machines/cortex/armv7em/stm32f407/tpl_machine_stm32f407.c.o
                                        0x8c5 (size before relaxing)
 .debug_str     0x0000000000001ab1      0x176 build/machines/cortex/armv7em/stm32f407/startup_stm32f4xx.c.o
                                        0x341 (size before relaxing)
 .debug_str     0x0000000000001c27       0xda build/machines/cortex/armv7em/stm32f407/system_stm32f4xx.c.o
                                        0x452 (size before relaxing)
 .debug_str     0x0000000000001d01      0x1c8 build/machines/cortex/armv7em/stm32f407/handlers_stm32f4xx.c.o
                                        0x806 (size before relaxing)
 .debug_str     0x0000000000001ec9      0x343 build/machines/cortex/armv7em/stm32f407/STM32F4xx_StdPeriph_Driver/stm32f4xx_gpio.c.o
                                        0x541 (size before relaxing)
 .debug_str     0x000000000000220c      0x6e6 build/machines/cortex/armv7em/stm32f407/STM32F4xx_StdPeriph_Driver/stm32f4xx_rcc.c.o
                                        0xa63 (size before relaxing)
 .debug_str     0x00000000000028f2      0x1dd build/machines/cortex/armv7em/stm32f407/STM32F4xx_StdPeriph_Driver/stm32f4xx_exti.c.o
                                        0x413 (size before relaxing)
 .debug_str     0x0000000000002acf      0x18d build/machines/cortex/armv7em/stm32f407/STM32F4xx_StdPeriph_Driver/stm32f4xx_syscfg.c.o
                                        0x3ba (size before relaxing)
 .debug_str     0x0000000000002c5c      0x194 build/machines/cortex/armv7em/stm32f407/STM32F4xx_StdPeriph_Driver/misc.c.o
                                        0x47a (size before relaxing)
 .debug_str     0x0000000000002df0      0x1db build/machines/cortex/armv7em/stm32f407/stm32f4discovery/stm32f4_discovery.c.o
                                        0xbdb (size before relaxing)
 .debug_str     0x0000000000002fcb       0xde build/machines/cortex/armv7em/stm32f407/stm32f4discovery/tp.c.o
                                        0x33e (size before relaxing)

.comment        0x0000000000000000       0x59
 .comment       0x0000000000000000       0x59 build/os/tpl_os_kernel.c.o
                                         0x5a (size before relaxing)
 .comment       0x0000000000000059       0x5a build/os/tpl_os_timeobj_kernel.c.o
 .comment       0x0000000000000059       0x5a build/os/tpl_os_os_kernel.c.o
 .comment       0x0000000000000059       0x5a build/os/tpl_os_os.c.o
 .comment       0x0000000000000059       0x5a build/os/tpl_os_interrupt_kernel.c.o
 .comment       0x0000000000000059       0x5a build/os/tpl_os_task_kernel.c.o
 .comment       0x0000000000000059       0x5a build/os/tpl_os_resource_kernel.c.o
 .comment       0x0000000000000059       0x5a build/lab3.c.o
 .comment       0x0000000000000059       0x5a build/lab3/tpl_app_config.c.o
 .comment       0x0000000000000059       0x5a build/lab3/tpl_dispatch_table.c.o
 .comment       0x0000000000000059       0x5a build/lab3/tpl_vectors.c.o
 .comment       0x0000000000000059       0x5a build/lab3/tpl_external_interrupts.c.o
 .comment       0x0000000000000059       0x5a build/lab3/tpl_app_interrupts.c.o
 .comment       0x0000000000000059       0x5a build/machines/cortex/tpl_machine_cortex.c.o
 .comment       0x0000000000000059       0x5a build/machines/cortex/armv7em/stm32f407/tpl_machine_stm32f407.c.o
 .comment       0x0000000000000059       0x5a build/machines/cortex/armv7em/stm32f407/startup_stm32f4xx.c.o
 .comment       0x0000000000000059       0x5a build/machines/cortex/armv7em/stm32f407/system_stm32f4xx.c.o
 .comment       0x0000000000000059       0x5a build/machines/cortex/armv7em/stm32f407/handlers_stm32f4xx.c.o
 .comment       0x0000000000000059       0x5a build/machines/cortex/armv7em/stm32f407/STM32F4xx_StdPeriph_Driver/stm32f4xx_gpio.c.o
 .comment       0x0000000000000059       0x5a build/machines/cortex/armv7em/stm32f407/STM32F4xx_StdPeriph_Driver/stm32f4xx_rcc.c.o
 .comment       0x0000000000000059       0x5a build/machines/cortex/armv7em/stm32f407/STM32F4xx_StdPeriph_Driver/stm32f4xx_exti.c.o
 .comment       0x0000000000000059       0x5a build/machines/cortex/armv7em/stm32f407/STM32F4xx_StdPeriph_Driver/stm32f4xx_syscfg.c.o
 .comment       0x0000000000000059       0x5a build/machines/cortex/armv7em/stm32f407/STM32F4xx_StdPeriph_Driver/misc.c.o
 .comment       0x0000000000000059       0x5a build/machines/cortex/armv7em/stm32f407/stm32f4discovery/stm32f4_discovery.c.o
 .comment       0x0000000000000059       0x5a build/machines/cortex/armv7em/stm32f407/stm32f4discovery/tp.c.o

.debug_frame    0x0000000000000000     0x1b94
 .debug_frame   0x0000000000000000      0x360 build/os/tpl_os_kernel.c.o
 .debug_frame   0x0000000000000360       0xcc build/os/tpl_os_timeobj_kernel.c.o
 .debug_frame   0x000000000000042c       0xa0 build/os/tpl_os_os_kernel.c.o
 .debug_frame   0x00000000000004cc       0x34 build/os/tpl_os_os.c.o
 .debug_frame   0x0000000000000500      0x14c build/os/tpl_os_interrupt_kernel.c.o
 .debug_frame   0x000000000000064c       0xe8 build/os/tpl_os_task_kernel.c.o
 .debug_frame   0x0000000000000734       0x80 build/os/tpl_os_resource_kernel.c.o
 .debug_frame   0x00000000000007b4       0xf0 build/lab3.c.o
 .debug_frame   0x00000000000008a4       0x48 build/lab3/tpl_app_config.c.o
 .debug_frame   0x00000000000008ec       0x30 build/lab3/tpl_external_interrupts.c.o
 .debug_frame   0x000000000000091c       0x70 build/lab3/tpl_app_interrupts.c.o
 .debug_frame   0x000000000000098c      0x118 build/machines/cortex/tpl_machine_cortex.c.o
 .debug_frame   0x0000000000000aa4       0x78 build/machines/cortex/armv7em/stm32f407/tpl_machine_stm32f407.c.o
 .debug_frame   0x0000000000000b1c       0xa0 build/machines/cortex/armv7em/stm32f407/startup_stm32f4xx.c.o
 .debug_frame   0x0000000000000bbc       0x7c build/machines/cortex/armv7em/stm32f407/system_stm32f4xx.c.o
 .debug_frame   0x0000000000000c38       0xf8 build/machines/cortex/armv7em/stm32f407/handlers_stm32f4xx.c.o
 .debug_frame   0x0000000000000d30      0x214 build/machines/cortex/armv7em/stm32f407/STM32F4xx_StdPeriph_Driver/stm32f4xx_gpio.c.o
 .debug_frame   0x0000000000000f44      0x77c build/machines/cortex/armv7em/stm32f407/STM32F4xx_StdPeriph_Driver/stm32f4xx_rcc.c.o
 .debug_frame   0x00000000000016c0      0x130 build/machines/cortex/armv7em/stm32f407/STM32F4xx_StdPeriph_Driver/stm32f4xx_exti.c.o
 .debug_frame   0x00000000000017f0      0x108 build/machines/cortex/armv7em/stm32f407/STM32F4xx_StdPeriph_Driver/stm32f4xx_syscfg.c.o
 .debug_frame   0x00000000000018f8       0xc4 build/machines/cortex/armv7em/stm32f407/STM32F4xx_StdPeriph_Driver/misc.c.o
 .debug_frame   0x00000000000019bc       0xf4 build/machines/cortex/armv7em/stm32f407/stm32f4discovery/stm32f4_discovery.c.o
 .debug_frame   0x0000000000001ab0       0xe4 build/machines/cortex/armv7em/stm32f407/stm32f4discovery/tp.c.o
