
Allocating common symbols
Common symbol       size              file

NVIC_InitStructure  0x4               build/machines/cortex/armv7em/stm32f407/stm32f4discovery/stm32f4_discovery.c.o

Discarded input sections

 .text          0x0000000000000000        0x0 build/os/tpl_os_kernel.c.o
 .data          0x0000000000000000        0x0 build/os/tpl_os_kernel.c.o
 .bss           0x0000000000000000        0x0 build/os/tpl_os_kernel.c.o
 .osVar         0x0000000000000000        0x3 build/os/tpl_os_kernel.c.o
 .text          0x0000000000000000        0x0 build/os/tpl_os_timeobj_kernel.c.o
 .data          0x0000000000000000        0x0 build/os/tpl_os_timeobj_kernel.c.o
 .bss           0x0000000000000000        0x0 build/os/tpl_os_timeobj_kernel.c.o
 .text          0x0000000000000000        0x0 build/os/tpl_os_action.c.o
 .data          0x0000000000000000        0x0 build/os/tpl_os_action.c.o
 .bss           0x0000000000000000        0x0 build/os/tpl_os_action.c.o
 .text          0x0000000000000000        0x0 build/os/tpl_os_error.c.o
 .data          0x0000000000000000        0x0 build/os/tpl_os_error.c.o
 .bss           0x0000000000000000        0x0 build/os/tpl_os_error.c.o
 .debug_info    0x0000000000000000      0x4d4 build/os/tpl_os_error.c.o
 .debug_abbrev  0x0000000000000000      0x11b build/os/tpl_os_error.c.o
 .debug_aranges
                0x0000000000000000       0x18 build/os/tpl_os_error.c.o
 .debug_line    0x0000000000000000      0x1aa build/os/tpl_os_error.c.o
 .debug_str     0x0000000000000000      0x513 build/os/tpl_os_error.c.o
 .comment       0x0000000000000000       0x5a build/os/tpl_os_error.c.o
 .ARM.attributes
                0x0000000000000000       0x37 build/os/tpl_os_error.c.o
 .text          0x0000000000000000        0x0 build/os/tpl_os_os_kernel.c.o
 .data          0x0000000000000000        0x0 build/os/tpl_os_os_kernel.c.o
 .bss           0x0000000000000000        0x0 build/os/tpl_os_os_kernel.c.o
 .text          0x0000000000000000        0x0 build/os/tpl_os_os.c.o
 .data          0x0000000000000000        0x0 build/os/tpl_os_os.c.o
 .bss           0x0000000000000000        0x0 build/os/tpl_os_os.c.o
 .text          0x0000000000000000        0x0 build/os/tpl_os_interrupt_kernel.c.o
 .data          0x0000000000000000        0x0 build/os/tpl_os_interrupt_kernel.c.o
 .bss           0x0000000000000000        0x0 build/os/tpl_os_interrupt_kernel.c.o
 .text          0x0000000000000000        0x0 build/os/tpl_os_task_kernel.c.o
 .data          0x0000000000000000        0x0 build/os/tpl_os_task_kernel.c.o
 .bss           0x0000000000000000        0x0 build/os/tpl_os_task_kernel.c.o
 .text          0x0000000000000000        0x0 build/os/tpl_os_resource_kernel.c.o
 .data          0x0000000000000000        0x0 build/os/tpl_os_resource_kernel.c.o
 .bss           0x0000000000000000        0x0 build/os/tpl_os_resource_kernel.c.o
 .osConst       0x0000000000000000        0x2 build/os/tpl_os_resource_kernel.c.o
 .text          0x0000000000000000        0x0 build/os/tpl_os_alarm_kernel.c.o
 .data          0x0000000000000000        0x0 build/os/tpl_os_alarm_kernel.c.o
 .bss           0x0000000000000000        0x0 build/os/tpl_os_alarm_kernel.c.o
 .osConst       0x0000000000000000        0x1 build/os/tpl_os_alarm_kernel.c.o
 .text          0x0000000000000000        0x0 build/lab5.c.o
 .data          0x0000000000000000        0x0 build/lab5.c.o
 .bss           0x0000000000000000        0x0 build/lab5.c.o
 .text          0x0000000000000000        0x0 build/lab5/tpl_app_config.c.o
 .data          0x0000000000000000        0x0 build/lab5/tpl_app_config.c.o
 .bss           0x0000000000000000        0x0 build/lab5/tpl_app_config.c.o
 .rodata.std    0x0000000000000000        0x1 build/lab5/tpl_app_config.c.o
 .text          0x0000000000000000        0x0 build/lab5/tpl_dispatch_table.c.o
 .data          0x0000000000000000        0x0 build/lab5/tpl_dispatch_table.c.o
 .bss           0x0000000000000000        0x0 build/lab5/tpl_dispatch_table.c.o
 .text          0x0000000000000000        0x0 build/lab5/tpl_invoque.S.o
 .data          0x0000000000000000        0x0 build/lab5/tpl_invoque.S.o
 .bss           0x0000000000000000        0x0 build/lab5/tpl_invoque.S.o
 .text          0x0000000000000000        0x0 build/lab5/tpl_primary_irq.S.o
 .data          0x0000000000000000        0x0 build/lab5/tpl_primary_irq.S.o
 .bss           0x0000000000000000        0x0 build/lab5/tpl_primary_irq.S.o
 .osVar         0x0000000000000000        0x0 build/lab5/tpl_primary_irq.S.o
 .text          0x0000000000000000        0x0 build/lab5/tpl_vectors.c.o
 .data          0x0000000000000000        0x0 build/lab5/tpl_vectors.c.o
 .bss           0x0000000000000000        0x0 build/lab5/tpl_vectors.c.o
 .text          0x0000000000000000        0x0 build/lab5/tpl_external_interrupts.c.o
 .data          0x0000000000000000        0x0 build/lab5/tpl_external_interrupts.c.o
[...]
Memory Configuration

Name             Origin             Length             Attributes
VECTOR           0x0000000008000000 0x0000000000000188 xr
FLASH            0x0000000008000188 0x000000000000fe78 xr
RAM              0x0000000020000000 0x0000000000020000 xrw
MEMORY_B1        0x0000000060000000 0x0000000000000000 xr
*default*        0x0000000000000000 0xffffffffffffffff

Linker script and memory map

LOAD build/os/tpl_os_kernel.c.o
LOAD build/os/tpl_os_timeobj_kernel.c.o
LOAD build/os/tpl_os_action.c.o
LOAD build/os/tpl_os_error.c.o
LOAD build/os/tpl_os_os_kernel.c.o
LOAD build/os/tpl_os_os.c.o
LOAD build/os/tpl_os_interrupt_kernel.c.o
LOAD build/os/tpl_os_task_kernel.c.o
LOAD build/os/tpl_os_resource_kernel.c.o
LOAD build/os/tpl_os_alarm_kernel.c.o
LOAD build/lab5.c.o
LOAD build/lab5/tpl_app_config.c.o
LOAD build/lab5/tpl_dispatch_table.c.o
LOAD build/lab5/tpl_invoque.S.o
LOAD build/lab5/tpl_primary_irq.S.o
LOAD build/lab5/tpl_vectors.c.o
LOAD build/lab5/tpl_external_interrupts.c.o
LOAD build/lab5/tpl_app_interrupts.c.o
LOAD build/machines/cortex/tpl_machine_cortex.c.o
LOAD build/machines/cortex/tpl_sc_handler.S.o
LOAD build/machines/cortex/tpl_startup.S.o
LOAD build/machines/cortex/armv7em/tpl_ctx_switch.S.o
LOAD build/machines/cortex/armv7em/tpl_ctx_switch_under_it.S.o
LOAD build/machines/cortex/armv7em/tpl_interrupts.S.o
LOAD build/machines/cortex/armv7em/stm32f407/tpl_memory_protection.c.o
LOAD build/machines/cortex/armv7em/stm32f407/tpl_machine_stm32f407.c.o
LOAD build/machines/cortex/armv7em/stm32f407/startup_stm32f4xx.c.o
LOAD build/machines/cortex/armv7em/stm32f407/system_stm32f4xx.c.o
LOAD build/machines/cortex/armv7em/stm32f407/handlers_stm32f4xx.c.o
LOAD build/machines/cortex/armv7em/stm32f407/lib/pinAccess.c.o
LOAD build/machines/cortex/armv7em/stm32f407/STM32F4xx_StdPeriph_Driver/stm32f4xx_gpio.c.o
LOAD build/machines/cortex/armv7em/stm32f407/STM32F4xx_StdPeriph_Driver/stm32f4xx_rcc.c.o
LOAD build/machines/cortex/armv7em/stm32f407/STM32F4xx_StdPeriph_Driver/stm32f4xx_exti.c.o
LOAD build/machines/cortex/armv7em/stm32f407/STM32F4xx_StdPeriph_Driver/stm32f4xx_syscfg.c.o
LOAD build/machines/cortex/armv7em/stm32f407/STM32F4xx_StdPeriph_Driver/misc.c.o
LOAD build/machines/cortex/armv7em/stm32f407/stm32f4discovery/stm32f4_discovery.c.o
LOAD build/machines/cortex/armv7em/stm32f407/stm32f4discovery/tp.c.o
                0x0000000020020000                _estack = 0x20020000
                0x0000000000000000                _Min_Heap_Size = 0x0
                0x0000000000000400                _Min_Stack_Size = 0x400

.isr_vector     0x0000000008000000      0x188
                0x0000000008000000                . = ALIGN (0x4)
 *(.isr_vector)
 .isr_vector    0x0000000008000000      0x188 build/lab5/tpl_vectors.c.o
                0x0000000008000000                tpl_it_vectors
                0x0000000008000188                . = ALIGN (0x4)
                0x0000000008000188                . = ALIGN (0x4)

ostext          0x0000000008000188     0x1d66
 *(.SC_handler)
 *(.EI_handler)
 *(.osCode)
 .osCode        0x0000000008000188      0x884 build/os/tpl_os_kernel.c.o
                0x0000000008000188                tpl_current_os_state
                0x00000000080001dc                tpl_schedule_from_running
                0x0000000008000220                tpl_start_scheduling
                0x0000000008000238                tpl_start
                0x00000000080002b0                tpl_run_elected
                0x000000000800033c                tpl_block
                0x0000000008000374                tpl_release
                0x00000000080003b0                tpl_front_proc
                0x00000000080003dc                tpl_terminate
                0x0000000008000420                tpl_init_proc
                0x0000000008000454                tpl_put_preempted_proc
                0x00000000080004ac                tpl_put_new_proc
                0x0000000008000530                tpl_init_os
                0x00000000080005d4                tpl_get_internal_resource
                0x000000000800065c                tpl_release_internal_resource
                0x00000000080006ac                tpl_call_terminate_task_service
                0x00000000080006e0                tpl_call_terminate_isr2_service
                0x0000000008000728                tpl_activate_task
                0x00000000080007a0                tpl_set_event
                0x00000000080007c0                tpl_compare_entries
                0x0000000008000850                tpl_bubble_up
                0x00000000080008d0                tpl_bubble_down
                0x0000000008000984                tpl_remove_front_proc
                0x00000000080009e0                tpl_preempt
 .osCode        0x0000000008000a0c      0x2f0 build/os/tpl_os_timeobj_kernel.c.o
                0x0000000008000a0c                tpl_enable_counters
                0x0000000008000a24                tpl_insert_time_obj
                0x0000000008000b02                tpl_remove_time_obj
                0x0000000008000b74                tpl_counter_tick
 .osCode        0x0000000008000cfc       0x3a build/os/tpl_os_action.c.o
                0x0000000008000cfc                tpl_action_callback
                0x0000000008000d12                tpl_action_activate_task
 *fill*         0x0000000008000d36        0x2 
 .osCode        0x0000000008000d38       0xac build/os/tpl_os_os_kernel.c.o
                0x0000000008000d38                tpl_get_active_application_mode_service
                0x0000000008000d68                tpl_start_os_service
                0x0000000008000db4                tpl_call_shutdown_os
                0x0000000008000dca                tpl_shutdown_os_service
 .osCode        0x0000000008000de4      0x1e0 build/os/tpl_os_interrupt_kernel.c.o
                0x0000000008000de4                tpl_get_interrupt_lock_status
                0x0000000008000e24                tpl_reset_interrupt_lock_status
                0x0000000008000e60                tpl_terminate_isr2_service
                0x0000000008000ea4                tpl_null_it
                0x0000000008000eb6                tpl_enable_all_interrupts_service
                0x0000000008000ed4                tpl_disable_all_interrupts_service
                0x0000000008000f04                tpl_resume_all_interrupts_service
                0x0000000008000f3c                tpl_suspend_all_interrupts_service
                0x0000000008000f64                tpl_resume_os_interrupts_service
                0x0000000008000f9c                tpl_suspend_os_interrupts_service
 .osCode        0x0000000008000fc4      0x2b4 build/os/tpl_os_task_kernel.c.o
                0x0000000008000fc4                tpl_activate_task_service
                0x0000000008001028                tpl_terminate_task_service
                0x0000000008001098                tpl_chain_task_service
                0x0000000008001148                tpl_schedule_service
                0x00000000080011c4                tpl_get_task_id_service
                0x0000000008001214                tpl_get_task_state_service
 .osCode        0x0000000008001278      0x1fc build/os/tpl_os_resource_kernel.c.o
                0x0000000008001278                tpl_release_all_resources
                0x00000000080012d8                tpl_get_resource_service
                0x00000000080013c4                tpl_release_resource_service
 .osCode        0x0000000008001474      0x344 build/os/tpl_os_alarm_kernel.c.o
                0x0000000008001474                tpl_raise_alarm
                0x0000000008001498                tpl_get_alarm_base_service
                0x0000000008001508                tpl_get_alarm_service
                0x0000000008001594                tpl_set_rel_alarm_service
                0x0000000008001688                tpl_set_abs_alarm_service
                0x0000000008001754                tpl_cancel_alarm_service
 .osCode        0x00000000080017b8       0x7c build/lab5.c.o
                0x00000000080017b8                assert_failed
                0x00000000080017cc                PreTaskHook
                0x0000000008001800                PostTaskHook
 .osCode        0x0000000008001834       0x40 build/lab5/tpl_app_config.c.o
                0x0000000008001834                tpl_tick_SysTick
                0x0000000008001868                SysTick_Handler
 .osCode        0x0000000008001874       0x30 build/lab5/tpl_primary_irq.S.o
                0x0000000008001874                tpl_primary_irq_handler_SysTick
 .osCode        0x00000000080018a4       0x20 build/lab5/tpl_external_interrupts.c.o
                0x00000000080018a4                tpl_init_external_interrupts
 .osCode        0x00000000080018c4       0x24 build/lab5/tpl_app_interrupts.c.o
                0x00000000080018c4                tpl_init_it_priority
                0x00000000080018d0                tpl_disable_os_interrupts
                0x00000000080018dc                tpl_enable_os_interrupts
 .osCode        0x00000000080018e8       0xe4 build/machines/cortex/tpl_machine_cortex.c.o
                0x00000000080018e8                tpl_init_context
                0x0000000008001954                tpl_init_machine
                0x0000000008001964                tpl_shutdown
                0x000000000800196e                tpl_init_machine_generic
                0x000000000800197a                tpl_init_machine_specific
                0x00000000080019b0                tpl_check_stack_footprint
 .osCode        0x00000000080019cc       0x6c build/machines/cortex/tpl_sc_handler.S.o
                0x00000000080019cc                tpl_sc_handler
 .osCode        0x0000000008001a38       0x1c build/machines/cortex/tpl_startup.S.o
                0x0000000008001a38                tpl_reset_handler
 .osCode        0x0000000008001a54       0x4c build/machines/cortex/armv7em/tpl_ctx_switch.S.o
                0x0000000008001a54                tpl_save_context
                0x0000000008001a7a                tpl_load_context
 .osCode        0x0000000008001aa0       0x44 build/machines/cortex/armv7em/tpl_ctx_switch_under_it.S.o
                0x0000000008001aa0                tpl_save_context_under_it
                0x0000000008001ac2                tpl_load_context_under_it
 .osCode        0x0000000008001ae4       0x2c build/machines/cortex/armv7em/tpl_interrupts.S.o
                0x0000000008001ae4                tpl_disable_interrupts
                0x0000000008001af8                tpl_enable_interrupts
 .osCode        0x0000000008001b10       0x7c build/machines/cortex/armv7em/stm32f407/tpl_machine_stm32f407.c.o
                0x0000000008001b60                tpl_set_systick_timer
 .osCode        0x0000000008001b8c      0x108 build/machines/cortex/armv7em/stm32f407/stm32f4discovery/tp.c.o
                0x0000000008001b8c                initBoard
                0x0000000008001bb4                ledOn
                0x0000000008001bd4                ledOff
                0x0000000008001bf4                ledToggle
                0x0000000008001c14                readButton
                0x0000000008001c64                delay
 *(.osApiCode)
 .osApiCode     0x0000000008001c94       0x2a build/os/tpl_os_os.c.o
                0x0000000008001c94                StartOS
 .osApiCode     0x0000000008001cbe      0x230 build/lab5/tpl_invoque.S.o
                0x0000000008001cbe                GetActiveApplicationMode
                0x0000000008001cd4                tpl_start_os
                0x0000000008001cea                ShutdownOS
                0x0000000008001d00                EnableAllInterrupts
                0x0000000008001d1a                DisableAllInterrupts
                0x0000000008001d34                ResumeAllInterrupts
                0x0000000008001d4e                SuspendAllInterrupts
                0x0000000008001d68                ResumeOSInterrupts
                0x0000000008001d82                SuspendOSInterrupts
                0x0000000008001d9c                CallTerminateISR2
                0x0000000008001db6                ActivateTask
                0x0000000008001dcc                TerminateTask
                0x0000000008001de2                ChainTask
                0x0000000008001df8                Schedule
                0x0000000008001e0e                GetTaskID
                0x0000000008001e24                GetTaskState
                0x0000000008001e3a                CallTerminateTask
                0x0000000008001e54                GetResource
                0x0000000008001e6a                ReleaseResource
                0x0000000008001e80                GetAlarmBase
                0x0000000008001e96                GetAlarm
                0x0000000008001eac                SetRelAlarm
                0x0000000008001ec2                SetAbsAlarm
                0x0000000008001ed8                CancelAlarm
 *(.appCommonCode)
                0x0000000008001ef0                . = ALIGN (0x4)

osconst         0x0000000008001ef0      0x13c
 *(.osConst)
 .osConst       0x0000000008001ef0        0x2 build/os/tpl_os_kernel.c.o
                0x0000000008001ef0                INVALID_PROC
                0x0000000008001ef1                INVALID_TASK
 *fill*         0x0000000008001ef2        0x2 
 .osConst       0x0000000008001ef4       0xb4 build/lab5/tpl_app_config.c.o
                0x0000000008001ef4                tpl_stat_proc_table
                0x0000000008001f04                tpl_dyn_proc_table
                0x0000000008001f14                tpl_resource_table
                0x0000000008001f18                IDLE_TASK_task_stat_desc
                0x0000000008001f30                task_1_task_stat_desc
                0x0000000008001f48                task_2_task_stat_desc
                0x0000000008001f60                blink_task_stat_desc
                0x0000000008001f78                task_1_On_action
                0x0000000008001f80                task_1_On_static
                0x0000000008001f8c                task_2_Off_action
                0x0000000008001f94                task_2_Off_static
                0x0000000008001fa0                tpl_alarm_table
 .osConst       0x0000000008001fa8       0x60 build/lab5/tpl_dispatch_table.c.o
                0x0000000008001fa8                tpl_dispatch_table
 *(.osApiConst)
 .osApiConst    0x0000000008002008       0x24 build/lab5/tpl_app_config.c.o
                0x0000000008002008                proc_name_table
                0x0000000008002018                task_1
                0x0000000008002019                task_2
                0x000000000800201a                blink
                0x000000000800201b                task_1_On
                0x000000000800201c                task_2_Off
                0x0000000008002020                OSTICKSPERBASE
                0x0000000008002024                OSMAXALLOWEDVALUE
                0x0000000008002028                OSMINCYCLE
                0x000000000800202c                . = ALIGN (0x4)

apptext         0x000000000800202c       0x58
                0x000000000800202c                __PROGCONST_SECTION_START = .
                0x000000000800202c                __SEG_START_APP_CODE_CONST_RGN = .
                0x000000000800202c                . = ALIGN (0x4)
 *(.Task_task_1Code)
 *(.Task_task_2Code)
 *(.Task_blinkCode)
 .Task_blinkCode
                0x000000000800202c       0x58 build/lab5.c.o
                0x000000000800202c                main
                0x000000000800204c                blink_function
                0x000000000800205e                task_1_function
                0x0000000008002070                task_2_function
                0x0000000008002084                . = ALIGN (0x4)

appconst        0x0000000008002084      0x204
 *(.rodata)
 .rodata        0x0000000008002084       0x1f build/lab5/tpl_app_config.c.o
 *fill*         0x00000000080020a3        0x1 
 .rodata        0x00000000080020a4       0x5a build/machines/cortex/armv7em/stm32f407/STM32F4xx_StdPeriph_Driver/stm32f4xx_gpio.c.o
 *fill*         0x00000000080020fe        0x2 
 .rodata        0x0000000008002100       0x59 build/machines/cortex/armv7em/stm32f407/STM32F4xx_StdPeriph_Driver/stm32f4xx_rcc.c.o
 *fill*         0x0000000008002159        0x3 
 .rodata        0x000000000800215c       0x5a build/machines/cortex/armv7em/stm32f407/STM32F4xx_StdPeriph_Driver/stm32f4xx_exti.c.o
 *fill*         0x00000000080021b6        0x2 
 .rodata        0x00000000080021b8       0x5c build/machines/cortex/armv7em/stm32f407/STM32F4xx_StdPeriph_Driver/stm32f4xx_syscfg.c.o
 .rodata        0x0000000008002214       0x50 build/machines/cortex/armv7em/stm32f407/STM32F4xx_StdPeriph_Driver/misc.c.o
 *(.rodata*)
 .rodata.OSDEFAULTAPPMODE
                0x0000000008002264        0x1 build/lab5/tpl_app_config.c.o
                0x0000000008002264                OSDEFAULTAPPMODE
 *fill*         0x0000000008002265        0x3 
 .rodata.tpl_task_app_mode
                0x0000000008002268        0x3 build/lab5/tpl_app_config.c.o
                0x0000000008002268                tpl_task_app_mode
 *fill*         0x000000000800226b        0x1 
 .rodata.tpl_alarm_app_mode
                0x000000000800226c        0x2 build/lab5/tpl_app_config.c.o
                0x000000000800226c                tpl_alarm_app_mode
 *fill*         0x000000000800226e        0x2 
 .rodata.GPIO_PIN
                0x0000000008002270        0x8 build/machines/cortex/armv7em/stm32f407/stm32f4discovery/stm32f4_discovery.c.o
                0x0000000008002270                GPIO_PIN
 .rodata.GPIO_CLK
                0x0000000008002278       0x10 build/machines/cortex/armv7em/stm32f407/stm32f4discovery/stm32f4_discovery.c.o
                0x0000000008002278                GPIO_CLK
                0x0000000008002288                . = ALIGN (0x4)

procconst       0x0000000008002288        0x0
 *(.Task_task_1_SEC_CONST_32BIT)
 *(.Task_task_1_SEC_CALIB_32BIT)
 *(.Task_task_1_SEC_CARTO_32BIT)
 *(.Task_task_1_SEC_CONFIG_DATA_32BIT)
 *(.Task_task_1_SEC_CONST_16BIT)
 *(.Task_task_1_SEC_CALIB_16BIT)
 *(.Task_task_1_SEC_CARTO_16BIT)
 *(.Task_task_1_SEC_CONFIG_DATA_16BIT)
 *(.Task_task_1_SEC_CONST_8BIT)
 *(.Task_task_1_SEC_CALIB_8BIT)
 *(.Task_task_1_SEC_CARTO_8BIT)
 *(.Task_task_1_SEC_CONFIG_DATA_8BIT)
 *(.Task_task_1_SEC_CONST_BOOLEAN)
 *(.Task_task_1_SEC_CALIB_BOOLEAN)
 *(.Task_task_1_SEC_CARTO_BOOLEAN)
 *(.Task_task_1_SEC_CONFIG_DATA_BOOLEAN)
 *(.Task_task_1_SEC_CONST_UNSPECIFIED)
 *(.Task_task_1_SEC_CALIB_UNSPECIFIED)
 *(.Task_task_1_SEC_CARTO_UNSPECIFIED)
 *(.Task_task_1_SEC_CONFIG_DATA_UNSPECIFIED)
 *(.Task_task_2_SEC_CONST_32BIT)
 *(.Task_task_2_SEC_CALIB_32BIT)
 *(.Task_task_2_SEC_CARTO_32BIT)
 *(.Task_task_2_SEC_CONFIG_DATA_32BIT)
 *(.Task_task_2_SEC_CONST_16BIT)
 *(.Task_task_2_SEC_CALIB_16BIT)
 *(.Task_task_2_SEC_CARTO_16BIT)
 *(.Task_task_2_SEC_CONFIG_DATA_16BIT)
 *(.Task_task_2_SEC_CONST_8BIT)
 *(.Task_task_2_SEC_CALIB_8BIT)
 *(.Task_task_2_SEC_CARTO_8BIT)
 *(.Task_task_2_SEC_CONFIG_DATA_8BIT)
 *(.Task_task_2_SEC_CONST_BOOLEAN)
 *(.Task_task_2_SEC_CALIB_BOOLEAN)
 *(.Task_task_2_SEC_CARTO_BOOLEAN)
 *(.Task_task_2_SEC_CONFIG_DATA_BOOLEAN)
 *(.Task_task_2_SEC_CONST_UNSPECIFIED)
 *(.Task_task_2_SEC_CALIB_UNSPECIFIED)
 *(.Task_task_2_SEC_CARTO_UNSPECIFIED)
 *(.Task_task_2_SEC_CONFIG_DATA_UNSPECIFIED)
 *(.Task_blink_SEC_CONST_32BIT)
 *(.Task_blink_SEC_CALIB_32BIT)
 *(.Task_blink_SEC_CARTO_32BIT)
 *(.Task_blink_SEC_CONFIG_DATA_32BIT)
 *(.Task_blink_SEC_CONST_16BIT)
 *(.Task_blink_SEC_CALIB_16BIT)
 *(.Task_blink_SEC_CARTO_16BIT)
 *(.Task_blink_SEC_CONFIG_DATA_16BIT)
 *(.Task_blink_SEC_CONST_8BIT)
 *(.Task_blink_SEC_CALIB_8BIT)
 *(.Task_blink_SEC_CARTO_8BIT)
 *(.Task_blink_SEC_CONFIG_DATA_8BIT)
 *(.Task_blink_SEC_CONST_BOOLEAN)
 *(.Task_blink_SEC_CALIB_BOOLEAN)
 *(.Task_blink_SEC_CARTO_BOOLEAN)
 *(.Task_blink_SEC_CONFIG_DATA_BOOLEAN)
 *(.Task_blink_SEC_CONST_UNSPECIFIED)
 *(.Task_blink_SEC_CALIB_UNSPECIFIED)
 *(.Task_blink_SEC_CARTO_UNSPECIFIED)
 *(.Task_blink_SEC_CONFIG_DATA_UNSPECIFIED)
                0x0000000008002288                . = ALIGN (0x4)
                0x0000000008002287                __SEG_STOP_APP_CODE_CONST_RGN = (. - 0x1)
                0x0000000008002287                __PROGCONST_SECTION_STOP = (. - 0x1)

.text           0x0000000008002288      0xce8
                0x0000000008002288                . = ALIGN (0x4)
 *(.text)
 *(.text*)
 .text.NVIC_SetPriority
                0x0000000008002288       0x54 build/machines/cortex/tpl_machine_cortex.c.o
 .text.idle_function
                0x00000000080022dc        0xa build/machines/cortex/tpl_machine_cortex.c.o
                0x00000000080022dc                idle_function
 *fill*         0x00000000080022e6        0x2 
 .text.NVIC_SetPriority
                0x00000000080022e8       0x54 build/machines/cortex/armv7em/stm32f407/tpl_machine_stm32f407.c.o
 .text.__libc_init_array
                0x000000000800233c       0x70 build/machines/cortex/armv7em/stm32f407/startup_stm32f4xx.c.o
                0x000000000800233c                __libc_init_array
 .text.__libc_fini_array
                0x00000000080023ac       0x40 build/machines/cortex/armv7em/stm32f407/startup_stm32f4xx.c.o
                0x00000000080023ac                __libc_fini_array
 .text.SystemInit
                0x00000000080023ec       0x5c build/machines/cortex/armv7em/stm32f407/system_stm32f4xx.c.o
                0x00000000080023ec                SystemInit
 .text.SetSysClock
                0x0000000008002448       0xf4 build/machines/cortex/armv7em/stm32f407/system_stm32f4xx.c.o
 .text.NMI_Handler
                0x000000000800253c        0x8 build/machines/cortex/armv7em/stm32f407/handlers_stm32f4xx.c.o
                0x000000000800253c                NMI_Handler
 .text.HardFault_Handler
                0x0000000008002544       0x64 build/machines/cortex/armv7em/stm32f407/handlers_stm32f4xx.c.o
                0x0000000008002544                HardFault_Handler
 .text.MemManage_Handler
                0x00000000080025a8        0x8 build/machines/cortex/armv7em/stm32f407/handlers_stm32f4xx.c.o
                0x00000000080025a8                MemManage_Handler
 .text.BusFault_Handler
                0x00000000080025b0        0x8 build/machines/cortex/armv7em/stm32f407/handlers_stm32f4xx.c.o
                0x00000000080025b0                BusFault_Handler
 .text.UsageFault_Handler
                0x00000000080025b8        0x8 build/machines/cortex/armv7em/stm32f407/handlers_stm32f4xx.c.o
                0x00000000080025b8                UsageFault_Handler
 .text.DebugMonitor_Handler
                0x00000000080025c0        0x6 build/machines/cortex/armv7em/stm32f407/handlers_stm32f4xx.c.o
                0x00000000080025c0                DebugMonitor_Handler
 *fill*         0x00000000080025c6        0x2 
 .text.GPIO_Init
                0x00000000080025c8      0x248 build/machines/cortex/armv7em/stm32f407/STM32F4xx_StdPeriph_Driver/stm32f4xx_gpio.c.o
                0x00000000080025c8                GPIO_Init
 .text.GPIO_ReadInputDataBit
                0x0000000008002810      0x13c build/machines/cortex/armv7em/stm32f407/STM32F4xx_StdPeriph_Driver/stm32f4xx_gpio.c.o
                0x0000000008002810                GPIO_ReadInputDataBit
 .text.RCC_AHB1PeriphClockCmd
                0x000000000800294c       0x74 build/machines/cortex/armv7em/stm32f407/STM32F4xx_StdPeriph_Driver/stm32f4xx_rcc.c.o
                0x000000000800294c                RCC_AHB1PeriphClockCmd
 .text.RCC_APB2PeriphClockCmd
                0x00000000080029c0       0x74 build/machines/cortex/armv7em/stm32f407/STM32F4xx_StdPeriph_Driver/stm32f4xx_rcc.c.o
                0x00000000080029c0                RCC_APB2PeriphClockCmd
 .text.EXTI_Init
                0x0000000008002a34      0x150 build/machines/cortex/armv7em/stm32f407/STM32F4xx_StdPeriph_Driver/stm32f4xx_exti.c.o
                0x0000000008002a34                EXTI_Init
 .text.SYSCFG_EXTILineConfig
                0x0000000008002b84      0x134 build/machines/cortex/armv7em/stm32f407/STM32F4xx_StdPeriph_Driver/stm32f4xx_syscfg.c.o
                0x0000000008002b84                SYSCFG_EXTILineConfig
 .text.NVIC_Init
                0x0000000008002cb8       0xfc build/machines/cortex/armv7em/stm32f407/STM32F4xx_StdPeriph_Driver/misc.c.o
                0x0000000008002cb8                NVIC_Init
 .text.STM_EVAL_LEDInit
                0x0000000008002db4       0x5c build/machines/cortex/armv7em/stm32f407/stm32f4discovery/stm32f4_discovery.c.o
                0x0000000008002db4                STM_EVAL_LEDInit
 .text.STM_EVAL_LEDOn
                0x0000000008002e10       0x30 build/machines/cortex/armv7em/stm32f407/stm32f4discovery/stm32f4_discovery.c.o
                0x0000000008002e10                STM_EVAL_LEDOn
 .text.STM_EVAL_LEDOff
                0x0000000008002e40       0x30 build/machines/cortex/armv7em/stm32f407/stm32f4discovery/stm32f4_discovery.c.o
                0x0000000008002e40                STM_EVAL_LEDOff
 .text.STM_EVAL_LEDToggle
                0x0000000008002e70       0x3c build/machines/cortex/armv7em/stm32f407/stm32f4discovery/stm32f4_discovery.c.o
                0x0000000008002e70                STM_EVAL_LEDToggle
 .text.STM_EVAL_PBInit
                0x0000000008002eac       0x98 build/machines/cortex/armv7em/stm32f407/stm32f4discovery/stm32f4_discovery.c.o
                0x0000000008002eac                STM_EVAL_PBInit
 .text.STM_EVAL_PBGetState
                0x0000000008002f44       0x2c build/machines/cortex/armv7em/stm32f407/stm32f4discovery/stm32f4_discovery.c.o
                0x0000000008002f44                STM_EVAL_PBGetState
 *(.glue_7)
 .glue_7        0x0000000008002f70        0x0 linker stubs
 *(.glue_7t)
 .glue_7t       0x0000000008002f70        0x0 linker stubs
 *(.eh_frame)
 *(.init)
 *(.fini)
                0x0000000008002f70                . = ALIGN (0x4)
                0x0000000008002f70                _etext = .
                0x0000000008002f70                _exit = .

.vfp11_veneer   0x0000000008002f70        0x0
 .vfp11_veneer  0x0000000008002f70        0x0 linker stubs

.v4_bx          0x0000000008002f70        0x0
 .v4_bx         0x0000000008002f70        0x0 linker stubs

.iplt           0x0000000008002f70        0x0
 .iplt          0x0000000008002f70        0x0 build/os/tpl_os_kernel.c.o

.after_vectors  0x0000000008002f70       0x98
 .after_vectors
                0x0000000008002f70       0x98 build/machines/cortex/armv7em/stm32f407/startup_stm32f4xx.c.o
                0x0000000008002f70                tpl_continue_reset_handler
                0x0000000008002fbc                system_init

.rel.dyn        0x0000000008003008        0x0
 .rel.iplt      0x0000000008003008        0x0 build/os/tpl_os_kernel.c.o

.ARM.extab
 *(.ARM.extab* .gnu.linkonce.armextab.*)

.ARM            0x0000000008003008        0x0
                0x0000000008003008                __exidx_start = .
 *(.ARM.exidx*)
                0x0000000008003008                __exidx_end = .

.preinit_array  0x0000000008003008        0x4
                0x0000000008003008                PROVIDE (__preinit_array_start = .)
 *(.preinit_array*)
 .preinit_array_sysinit
                0x0000000008003008        0x4 build/machines/cortex/armv7em/stm32f407/startup_stm32f4xx.c.o
                0x0000000008003008                p_system_init
                0x000000000800300c                PROVIDE (__preinit_array_end = .)

.init_array     0x000000000800300c        0x0
                0x000000000800300c                PROVIDE (__init_array_start = .)
 *(SORT_BY_NAME(.init_array.*))
 *(.init_array*)
                0x000000000800300c                PROVIDE (__init_array_end = .)

.fini_array     0x000000000800300c        0x0
                0x000000000800300c                PROVIDE (__fini_array_start = .)
 *(.fini_array*)
 *(SORT_BY_NAME(.fini_array.*))
                0x000000000800300c                PROVIDE (__fini_array_end = .)
                0x000000000800300c                _sidata = .

.data           0x0000000020000000      0x164 load address 0x000000000800300c
                0x0000000020000000                . = ALIGN (0x4)
                0x0000000020000000                _sdata = .
 *(.data)
 *(.data*)
 .data.SystemCoreClock
                0x0000000020000000        0x4 build/machines/cortex/armv7em/stm32f407/system_stm32f4xx.c.o
                0x0000000020000000                SystemCoreClock
 .data.GPIO_PORT
                0x0000000020000004       0x10 build/machines/cortex/armv7em/stm32f407/stm32f4discovery/stm32f4_discovery.c.o
                0x0000000020000004                GPIO_PORT
 .data.BUTTON_PORT
                0x0000000020000014        0x4 build/machines/cortex/armv7em/stm32f407/stm32f4discovery/stm32f4_discovery.c.o
                0x0000000020000014                BUTTON_PORT
 .data.previousState.5513
                0x0000000020000018        0x1 build/machines/cortex/armv7em/stm32f407/stm32f4discovery/tp.c.o
 *(.osVar)
 .osVar         0x0000000020000019        0x1 build/os/tpl_os_timeobj_kernel.c.o
 .osVar         0x000000002000001a        0x1 build/os/tpl_os_os_kernel.c.o
 *fill*         0x000000002000001b        0x1 
 .osVar         0x000000002000001c       0x14 build/os/tpl_os_interrupt_kernel.c.o
                0x000000002000001c                tpl_locking_depth
                0x0000000020000020                tpl_user_task_lock
                0x0000000020000024                tpl_cpt_user_task_lock_All
                0x0000000020000028                tpl_cpt_user_task_lock_OS
                0x000000002000002c                tpl_cpt_os_task_lock
 .osVar         0x0000000020000030      0x134 build/lab5/tpl_app_config.c.o
                0x0000000020000030                tpl_kern
                0x000000002000004c                tpl_ready_list
                0x0000000020000058                tpl_tail_for_prio
                0x000000002000005c                SystemCounter_counter_desc
                0x0000000020000078                res_sched_rez_desc
                0x0000000020000080                tpl_time_counter
                0x0000000020000084                IDLE_TASK_int_context
                0x00000000200000a8                IDLE_TASK_task_desc
                0x00000000200000b0                task_1_int_context
                0x00000000200000d4                task_1_task_desc
                0x00000000200000dc                task_2_int_context
                0x0000000020000100                task_2_task_desc
                0x0000000020000108                blink_int_context
                0x000000002000012c                blink_task_desc
                0x0000000020000134                task_1_On_alarm_desc
                0x000000002000014c                task_2_Off_alarm_desc
 *(.Task_task_1_SEC_VAR_POWER_ON_INIT_32BIT)
 *(.Task_task_1_SEC_VAR_POWER_ON_INIT_16BIT)
 *(.Task_task_1_SEC_VAR_POWER_ON_INIT_8BIT)
 *(.Task_task_1_SEC_VAR_POWER_ON_INIT_BOOLEAN)
 *(.Task_task_1_SEC_VAR_POWER_ON_INIT_UNSPECIFIED)
 *(.Task_task_2_SEC_VAR_POWER_ON_INIT_32BIT)
 *(.Task_task_2_SEC_VAR_POWER_ON_INIT_16BIT)
 *(.Task_task_2_SEC_VAR_POWER_ON_INIT_8BIT)
 *(.Task_task_2_SEC_VAR_POWER_ON_INIT_BOOLEAN)
 *(.Task_task_2_SEC_VAR_POWER_ON_INIT_UNSPECIFIED)
 *(.Task_blink_SEC_VAR_POWER_ON_INIT_32BIT)
 *(.Task_blink_SEC_VAR_POWER_ON_INIT_16BIT)
 *(.Task_blink_SEC_VAR_POWER_ON_INIT_8BIT)
 *(.Task_blink_SEC_VAR_POWER_ON_INIT_BOOLEAN)
 *(.Task_blink_SEC_VAR_POWER_ON_INIT_UNSPECIFIED)
                0x0000000020000164                . = ALIGN (0x4)
                0x0000000020000164                _edata = .

.igot.plt       0x0000000020000164        0x0 load address 0x0000000008003170
 .igot.plt      0x0000000020000164        0x0 build/os/tpl_os_kernel.c.o

.Task_IDLE_TASKStack
                0x0000000020000164      0x12c load address 0x0000000008003170
 .Task_IDLE_TASKStack
                0x0000000020000164      0x12c build/lab5/tpl_app_config.c.o
                0x0000000020000164                IDLE_TASK_stack_zone

.Task_task_1_SEC_VAR
                0x0000000020000290       0x10 load address 0x000000000800329c
                0x00000000200002a0                . = ALIGN (__SEG_ALIGN_Task_task_1_VAR_RGN)
 *fill*         0x0000000020000290       0x10 
                0x00000000200002a0                __SEG_START_Task_task_1_VAR_RGN = .
 *(.Task_task_1_SEC_VAR_NOINIT_32BIT)
 *(.Task_task_1_SEC_VAR_FAST_32BIT)
 *(.Task_task_1_SEC_VAR_32BIT)
 *(.Task_task_1_SEC_VAR_NOINIT_16BIT)
 *(.Task_task_1_SEC_VAR_FAST_16BIT)
 *(.Task_task_1_SEC_VAR_16BIT)
 *(.Task_task_1_SEC_VAR_NOINIT_8BIT)
 *(.Task_task_1_SEC_VAR_FAST_8BIT)
 *(.Task_task_1_SEC_VAR_8BIT)
 *(.Task_task_1_SEC_VAR_NOINIT_BOOLEAN)
 *(.Task_task_1_SEC_VAR_FAST_BOOLEAN)
 *(.Task_task_1_SEC_VAR_BOOLEAN)
 *(.Task_task_1_SEC_VAR_NOINIT_UNSPECIFIED)
 *(.Task_task_1_SEC_VAR_FAST_UNSPECIFIED)
 *(.Task_task_1_SEC_VAR_UNSPECIFIED)
                0x00000000200002a0                __SEG_END_Task_task_1_VAR_RGN = .
                0x00000000200002b0                __SEG_SIZE_Task_task_1_VAR_RGN = ((__SEG_END_Task_task_1_VAR_RGN - __SEG_START_Task_task_1_VAR_RGN) < 0x1000)?0x1000:__SEG_SIZE_Task_task_1_VAR_RGN
                0x00000000200002b0                __SEG_SIZE_Task_task_1_VAR_RGN = ((__SEG_END_Task_task_1_VAR_RGN - __SEG_START_Task_task_1_VAR_RGN) < 0x400)?0x400:__SEG_SIZE_Task_task_1_VAR_RGN
                0x00000000200002b0                __SEG_SIZE_Task_task_1_VAR_RGN = ((__SEG_END_Task_task_1_VAR_RGN - __SEG_START_Task_task_1_VAR_RGN) < 0x200)?0x200:__SEG_SIZE_Task_task_1_VAR_RGN
                0x00000000200002b0                __SEG_SIZE_Task_task_1_VAR_RGN = ((__SEG_END_Task_task_1_VAR_RGN - __SEG_START_Task_task_1_VAR_RGN) < 0x100)?0x100:__SEG_SIZE_Task_task_1_VAR_RGN
                0x00000000200002b0                __SEG_SIZE_Task_task_1_VAR_RGN = ((__SEG_END_Task_task_1_VAR_RGN - __SEG_START_Task_task_1_VAR_RGN) < 0x80)?0x80:__SEG_SIZE_Task_task_1_VAR_RGN
                0x00000000200002b0                __SEG_SIZE_Task_task_1_VAR_RGN = ((__SEG_END_Task_task_1_VAR_RGN - __SEG_START_Task_task_1_VAR_RGN) < 0x40)?0x40:__SEG_SIZE_Task_task_1_VAR_RGN
                0x00000000200002b0                __SEG_SIZE_Task_task_1_VAR_RGN = ((__SEG_END_Task_task_1_VAR_RGN - __SEG_START_Task_task_1_VAR_RGN) < 0x20)?0x20:__SEG_SIZE_Task_task_1_VAR_RGN
                0x00000000200002b0                __SEG_ALIGN_Task_task_1_VAR_RGN = __SEG_SIZE_Task_task_1_VAR_RGN

.Task_task_2_SEC_VAR
                0x00000000200002a0        0x0
                0x00000000200002a0                . = ALIGN (__SEG_ALIGN_Task_task_2_VAR_RGN)
                0x00000000200002a0                __SEG_START_Task_task_2_VAR_RGN = .
 *(.Task_task_2_SEC_VAR_NOINIT_32BIT)
 *(.Task_task_2_SEC_VAR_FAST_32BIT)
 *(.Task_task_2_SEC_VAR_32BIT)
 *(.Task_task_2_SEC_VAR_NOINIT_16BIT)
 *(.Task_task_2_SEC_VAR_FAST_16BIT)
 *(.Task_task_2_SEC_VAR_16BIT)
 *(.Task_task_2_SEC_VAR_NOINIT_8BIT)
 *(.Task_task_2_SEC_VAR_FAST_8BIT)
 *(.Task_task_2_SEC_VAR_8BIT)
 *(.Task_task_2_SEC_VAR_NOINIT_BOOLEAN)
 *(.Task_task_2_SEC_VAR_FAST_BOOLEAN)
 *(.Task_task_2_SEC_VAR_BOOLEAN)
 *(.Task_task_2_SEC_VAR_NOINIT_UNSPECIFIED)
 *(.Task_task_2_SEC_VAR_FAST_UNSPECIFIED)
 *(.Task_task_2_SEC_VAR_UNSPECIFIED)
                0x00000000200002a0                __SEG_END_Task_task_2_VAR_RGN = .
                0x00000000200002c0                __SEG_SIZE_Task_task_2_VAR_RGN = ((__SEG_END_Task_task_2_VAR_RGN - __SEG_START_Task_task_2_VAR_RGN) < 0x1000)?0x1000:__SEG_SIZE_Task_task_2_VAR_RGN
                0x00000000200002c0                __SEG_SIZE_Task_task_2_VAR_RGN = ((__SEG_END_Task_task_2_VAR_RGN - __SEG_START_Task_task_2_VAR_RGN) < 0x400)?0x400:__SEG_SIZE_Task_task_2_VAR_RGN
                0x00000000200002c0                __SEG_SIZE_Task_task_2_VAR_RGN = ((__SEG_END_Task_task_2_VAR_RGN - __SEG_START_Task_task_2_VAR_RGN) < 0x200)?0x200:__SEG_SIZE_Task_task_2_VAR_RGN
                0x00000000200002c0                __SEG_SIZE_Task_task_2_VAR_RGN = ((__SEG_END_Task_task_2_VAR_RGN - __SEG_START_Task_task_2_VAR_RGN) < 0x100)?0x100:__SEG_SIZE_Task_task_2_VAR_RGN
                0x00000000200002c0                __SEG_SIZE_Task_task_2_VAR_RGN = ((__SEG_END_Task_task_2_VAR_RGN - __SEG_START_Task_task_2_VAR_RGN) < 0x80)?0x80:__SEG_SIZE_Task_task_2_VAR_RGN
                0x00000000200002c0                __SEG_SIZE_Task_task_2_VAR_RGN = ((__SEG_END_Task_task_2_VAR_RGN - __SEG_START_Task_task_2_VAR_RGN) < 0x40)?0x40:__SEG_SIZE_Task_task_2_VAR_RGN
                0x00000000200002c0                __SEG_SIZE_Task_task_2_VAR_RGN = ((__SEG_END_Task_task_2_VAR_RGN - __SEG_START_Task_task_2_VAR_RGN) < 0x20)?0x20:__SEG_SIZE_Task_task_2_VAR_RGN
                0x00000000200002c0                __SEG_ALIGN_Task_task_2_VAR_RGN = __SEG_SIZE_Task_task_2_VAR_RGN

.Task_blink_SEC_VAR
                0x00000000200002a0        0x0
                0x00000000200002a0                . = ALIGN (__SEG_ALIGN_Task_blink_VAR_RGN)
                0x00000000200002a0                __SEG_START_Task_blink_VAR_RGN = .
 *(.Task_blink_SEC_VAR_NOINIT_32BIT)
 *(.Task_blink_SEC_VAR_FAST_32BIT)
 *(.Task_blink_SEC_VAR_32BIT)
 *(.Task_blink_SEC_VAR_NOINIT_16BIT)
 *(.Task_blink_SEC_VAR_FAST_16BIT)
 *(.Task_blink_SEC_VAR_16BIT)
 *(.Task_blink_SEC_VAR_NOINIT_8BIT)
 *(.Task_blink_SEC_VAR_FAST_8BIT)
 *(.Task_blink_SEC_VAR_8BIT)
 *(.Task_blink_SEC_VAR_NOINIT_BOOLEAN)
 *(.Task_blink_SEC_VAR_FAST_BOOLEAN)
 *(.Task_blink_SEC_VAR_BOOLEAN)
 *(.Task_blink_SEC_VAR_NOINIT_UNSPECIFIED)
 *(.Task_blink_SEC_VAR_FAST_UNSPECIFIED)
 *(.Task_blink_SEC_VAR_UNSPECIFIED)
                0x00000000200002a0                __SEG_END_Task_blink_VAR_RGN = .
                0x00000000200002c0                __SEG_SIZE_Task_blink_VAR_RGN = ((__SEG_END_Task_blink_VAR_RGN - __SEG_START_Task_blink_VAR_RGN) < 0x1000)?0x1000:__SEG_SIZE_Task_blink_VAR_RGN
                0x00000000200002c0                __SEG_SIZE_Task_blink_VAR_RGN = ((__SEG_END_Task_blink_VAR_RGN - __SEG_START_Task_blink_VAR_RGN) < 0x400)?0x400:__SEG_SIZE_Task_blink_VAR_RGN
                0x00000000200002c0                __SEG_SIZE_Task_blink_VAR_RGN = ((__SEG_END_Task_blink_VAR_RGN - __SEG_START_Task_blink_VAR_RGN) < 0x200)?0x200:__SEG_SIZE_Task_blink_VAR_RGN
                0x00000000200002c0                __SEG_SIZE_Task_blink_VAR_RGN = ((__SEG_END_Task_blink_VAR_RGN - __SEG_START_Task_blink_VAR_RGN) < 0x100)?0x100:__SEG_SIZE_Task_blink_VAR_RGN
                0x00000000200002c0                __SEG_SIZE_Task_blink_VAR_RGN = ((__SEG_END_Task_blink_VAR_RGN - __SEG_START_Task_blink_VAR_RGN) < 0x80)?0x80:__SEG_SIZE_Task_blink_VAR_RGN
                0x00000000200002c0                __SEG_SIZE_Task_blink_VAR_RGN = ((__SEG_END_Task_blink_VAR_RGN - __SEG_START_Task_blink_VAR_RGN) < 0x40)?0x40:__SEG_SIZE_Task_blink_VAR_RGN
                0x00000000200002c0                __SEG_SIZE_Task_blink_VAR_RGN = ((__SEG_END_Task_blink_VAR_RGN - __SEG_START_Task_blink_VAR_RGN) < 0x20)?0x20:__SEG_SIZE_Task_blink_VAR_RGN
                0x00000000200002c0                __SEG_ALIGN_Task_blink_VAR_RGN = __SEG_SIZE_Task_blink_VAR_RGN

.Task_task_1_SEC_STACK
                0x00000000200002a0      0x28c load address 0x00000000080032ac
                0x0000000020000400                . = ALIGN (__SEG_ALIGN_Task_task_1_STACK_RGN)
 *fill*         0x00000000200002a0      0x160 
                0x0000000020000400                __SEG_START_Task_task_1_STACK_RGN = .
 *(.Task_task_1Stack)
 .Task_task_1Stack
                0x0000000020000400      0x12c build/lab5/tpl_app_config.c.o
                0x0000000020000400                task_1_stack_zone
                0x000000002000052c                . = ALIGN (0x4)
                0x000000002000052c                __SEG_END_Task_task_1_STACK_RGN = .
                0x00000000200004a0                __SEG_SIZE_Task_task_1_STACK_RGN = ((__SEG_END_Task_task_1_STACK_RGN - __SEG_START_Task_task_1_STACK_RGN) < 0x1000)?0x1000:__SEG_SIZE_Task_task_1_STACK_RGN
                0x00000000200004a0                __SEG_SIZE_Task_task_1_STACK_RGN = ((__SEG_END_Task_task_1_STACK_RGN - __SEG_START_Task_task_1_STACK_RGN) < 0x400)?0x400:__SEG_SIZE_Task_task_1_STACK_RGN
                0x00000000200004a0                __SEG_SIZE_Task_task_1_STACK_RGN = ((__SEG_END_Task_task_1_STACK_RGN - __SEG_START_Task_task_1_STACK_RGN) < 0x200)?0x200:__SEG_SIZE_Task_task_1_STACK_RGN
                [0x00000000200004a0]                __SEG_SIZE_Task_task_1_STACK_RGN = ((__SEG_END_Task_task_1_STACK_RGN - __SEG_START_Task_task_1_STACK_RGN) < 0x100)?0x100:__SEG_SIZE_Task_task_1_STACK_RGN
                [0x00000000200004a0]                __SEG_SIZE_Task_task_1_STACK_RGN = ((__SEG_END_Task_task_1_STACK_RGN - __SEG_START_Task_task_1_STACK_RGN) < 0x80)?0x80:__SEG_SIZE_Task_task_1_STACK_RGN
                [0x00000000200004a0]                __SEG_SIZE_Task_task_1_STACK_RGN = ((__SEG_END_Task_task_1_STACK_RGN - __SEG_START_Task_task_1_STACK_RGN) < 0x40)?0x40:__SEG_SIZE_Task_task_1_STACK_RGN
                [0x00000000200004a0]                __SEG_SIZE_Task_task_1_STACK_RGN = ((__SEG_END_Task_task_1_STACK_RGN - __SEG_START_Task_task_1_STACK_RGN) < 0x20)?0x20:__SEG_SIZE_Task_task_1_STACK_RGN
                0x00000000200004a0                __SEG_ALIGN_Task_task_1_STACK_RGN = __SEG_SIZE_Task_task_1_STACK_RGN

.Task_task_2_SEC_STACK
                0x000000002000052c      0x200 load address 0x0000000008003538
                0x0000000020000600                . = ALIGN (__SEG_ALIGN_Task_task_2_STACK_RGN)
 *fill*         0x000000002000052c       0xd4 
                0x0000000020000600                __SEG_START_Task_task_2_STACK_RGN = .
 *(.Task_task_2Stack)
 .Task_task_2Stack
                0x0000000020000600      0x12c build/lab5/tpl_app_config.c.o
                0x0000000020000600                task_2_stack_zone
                0x000000002000072c                . = ALIGN (0x4)
                0x000000002000072c                __SEG_END_Task_task_2_STACK_RGN = .
                0x000000002000072c                __SEG_SIZE_Task_task_2_STACK_RGN = ((__SEG_END_Task_task_2_STACK_RGN - __SEG_START_Task_task_2_STACK_RGN) < 0x1000)?0x1000:__SEG_SIZE_Task_task_2_STACK_RGN
                0x000000002000072c                __SEG_SIZE_Task_task_2_STACK_RGN = ((__SEG_END_Task_task_2_STACK_RGN - __SEG_START_Task_task_2_STACK_RGN) < 0x400)?0x400:__SEG_SIZE_Task_task_2_STACK_RGN
                0x000000002000072c                __SEG_SIZE_Task_task_2_STACK_RGN = ((__SEG_END_Task_task_2_STACK_RGN - __SEG_START_Task_task_2_STACK_RGN) < 0x200)?0x200:__SEG_SIZE_Task_task_2_STACK_RGN
                [0x000000002000072c]                __SEG_SIZE_Task_task_2_STACK_RGN = ((__SEG_END_Task_task_2_STACK_RGN - __SEG_START_Task_task_2_STACK_RGN) < 0x100)?0x100:__SEG_SIZE_Task_task_2_STACK_RGN
                [0x000000002000072c]                __SEG_SIZE_Task_task_2_STACK_RGN = ((__SEG_END_Task_task_2_STACK_RGN - __SEG_START_Task_task_2_STACK_RGN) < 0x80)?0x80:__SEG_SIZE_Task_task_2_STACK_RGN
                [0x000000002000072c]                __SEG_SIZE_Task_task_2_STACK_RGN = ((__SEG_END_Task_task_2_STACK_RGN - __SEG_START_Task_task_2_STACK_RGN) < 0x40)?0x40:__SEG_SIZE_Task_task_2_STACK_RGN
                [0x000000002000072c]                __SEG_SIZE_Task_task_2_STACK_RGN = ((__SEG_END_Task_task_2_STACK_RGN - __SEG_START_Task_task_2_STACK_RGN) < 0x20)?0x20:__SEG_SIZE_Task_task_2_STACK_RGN
                0x000000002000072c                __SEG_ALIGN_Task_task_2_STACK_RGN = __SEG_SIZE_Task_task_2_STACK_RGN

.Task_blink_SEC_STACK
                0x000000002000072c      0x200 load address 0x0000000008003738
                0x0000000020000800                . = ALIGN (__SEG_ALIGN_Task_blink_STACK_RGN)
 *fill*         0x000000002000072c       0xd4 
                0x0000000020000800                __SEG_START_Task_blink_STACK_RGN = .
 *(.Task_blinkStack)
 .Task_blinkStack
                0x0000000020000800      0x12c build/lab5/tpl_app_config.c.o
                0x0000000020000800                blink_stack_zone
                0x000000002000092c                . = ALIGN (0x4)
                0x000000002000092c                __SEG_END_Task_blink_STACK_RGN = .
                0x000000002000092c                __SEG_SIZE_Task_blink_STACK_RGN = ((__SEG_END_Task_blink_STACK_RGN - __SEG_START_Task_blink_STACK_RGN) < 0x1000)?0x1000:__SEG_SIZE_Task_blink_STACK_RGN
                0x000000002000092c                __SEG_SIZE_Task_blink_STACK_RGN = ((__SEG_END_Task_blink_STACK_RGN - __SEG_START_Task_blink_STACK_RGN) < 0x400)?0x400:__SEG_SIZE_Task_blink_STACK_RGN
                0x000000002000092c                __SEG_SIZE_Task_blink_STACK_RGN = ((__SEG_END_Task_blink_STACK_RGN - __SEG_START_Task_blink_STACK_RGN) < 0x200)?0x200:__SEG_SIZE_Task_blink_STACK_RGN
                [0x000000002000092c]                __SEG_SIZE_Task_blink_STACK_RGN = ((__SEG_END_Task_blink_STACK_RGN - __SEG_START_Task_blink_STACK_RGN) < 0x100)?0x100:__SEG_SIZE_Task_blink_STACK_RGN
                [0x000000002000092c]                __SEG_SIZE_Task_blink_STACK_RGN = ((__SEG_END_Task_blink_STACK_RGN - __SEG_START_Task_blink_STACK_RGN) < 0x80)?0x80:__SEG_SIZE_Task_blink_STACK_RGN
                [0x000000002000092c]                __SEG_SIZE_Task_blink_STACK_RGN = ((__SEG_END_Task_blink_STACK_RGN - __SEG_START_Task_blink_STACK_RGN) < 0x40)?0x40:__SEG_SIZE_Task_blink_STACK_RGN
                [0x000000002000092c]                __SEG_SIZE_Task_blink_STACK_RGN = ((__SEG_END_Task_blink_STACK_RGN - __SEG_START_Task_blink_STACK_RGN) < 0x20)?0x20:__SEG_SIZE_Task_blink_STACK_RGN
                0x000000002000092c                __SEG_ALIGN_Task_blink_STACK_RGN = __SEG_SIZE_Task_blink_STACK_RGN

appvars
                0x000000002000092c                . = ALIGN (0x4)

.bss            0x000000002000092c        0x0
                0x000000002000092c                _sbss = .
                0x000000002000092c                __bss_start__ = _sbss
 *(.bss)
 *(.bss*)
 *(COMMON)
                0x000000002000092c                . = ALIGN (0x4)
                0x000000002000092c                _ebss = .
                0x000000002000092c                __bss_end__ = _ebss

._user_heap_stack
                0x000000002000092c      0x400 load address 0x0000000008003938
                0x000000002000092c                . = ALIGN (0x4)
                0x000000002000092c                __heap_start__ = .
                [!provide]                        PROVIDE (end = .)
                [!provide]                        PROVIDE (_end = .)
                0x000000002000092c                . = (. + _Min_Heap_Size)
                0x0000000020000d2c                . = (. + _Min_Stack_Size)
 *fill*         0x000000002000092c      0x400 
                0x0000000020000d2c                . = ALIGN (0x4)

.memory_b1_text
 *(.mb1text)
 *(.mb1text*)
 *(.mb1rodata)
 *(.mb1rodata*)

/DISCARD/
 libc.a(*)
 libm.a(*)
 libgcc.a(*)

.ARM.attributes
                0x0000000000000000       0x30
 *(.ARM.attributes)
 .ARM.attributes
                0x0000000000000000       0x2e build/os/tpl_os_kernel.c.o
 .ARM.attributes
                0x000000000000002e       0x2e build/os/tpl_os_timeobj_kernel.c.o
 .ARM.attributes
                0x000000000000005c       0x2e build/os/tpl_os_action.c.o
 .ARM.attributes
                0x000000000000008a       0x2e build/os/tpl_os_os_kernel.c.o
 .ARM.attributes
                0x00000000000000b8       0x2e build/os/tpl_os_os.c.o
 .ARM.attributes
                0x00000000000000e6       0x2e build/os/tpl_os_interrupt_kernel.c.o
 .ARM.attributes
                0x0000000000000114       0x2e build/os/tpl_os_task_kernel.c.o
 .ARM.attributes
                0x0000000000000142       0x2e build/os/tpl_os_resource_kernel.c.o
 .ARM.attributes
                0x0000000000000170       0x2e build/os/tpl_os_alarm_kernel.c.o
 .ARM.attributes
                0x000000000000019e       0x2e build/lab5.c.o
 .ARM.attributes
                0x00000000000001cc       0x2e build/lab5/tpl_app_config.c.o
 .ARM.attributes
                0x00000000000001fa       0x37 build/lab5/tpl_dispatch_table.c.o
 .ARM.attributes
                0x0000000000000231       0x20 build/lab5/tpl_invoque.S.o
 .ARM.attributes
                0x0000000000000251       0x20 build/lab5/tpl_primary_irq.S.o
 .ARM.attributes
                0x0000000000000271       0x37 build/lab5/tpl_vectors.c.o
 .ARM.attributes
                0x00000000000002a8       0x2e build/lab5/tpl_external_interrupts.c.o
 .ARM.attributes
                0x00000000000002d6       0x2e build/lab5/tpl_app_interrupts.c.o
 .ARM.attributes
                0x0000000000000304       0x2e build/machines/cortex/tpl_machine_cortex.c.o
 .ARM.attributes
                0x0000000000000332       0x20 build/machines/cortex/tpl_sc_handler.S.o
 .ARM.attributes
                0x0000000000000352       0x20 build/machines/cortex/tpl_startup.S.o
 .ARM.attributes
                0x0000000000000372       0x20 build/machines/cortex/armv7em/tpl_ctx_switch.S.o
 .ARM.attributes
                0x0000000000000392       0x20 build/machines/cortex/armv7em/tpl_ctx_switch_under_it.S.o
 .ARM.attributes
                0x00000000000003b2       0x20 build/machines/cortex/armv7em/tpl_interrupts.S.o
 .ARM.attributes
                0x00000000000003d2       0x2e build/machines/cortex/armv7em/stm32f407/tpl_machine_stm32f407.c.o
 .ARM.attributes
                0x0000000000000400       0x2e build/machines/cortex/armv7em/stm32f407/startup_stm32f4xx.c.o
 .ARM.attributes
                0x000000000000042e       0x2e build/machines/cortex/armv7em/stm32f407/system_stm32f4xx.c.o
 .ARM.attributes
                0x000000000000045c       0x2e build/machines/cortex/armv7em/stm32f407/handlers_stm32f4xx.c.o
 .ARM.attributes
                0x000000000000048a       0x2e build/machines/cortex/armv7em/stm32f407/STM32F4xx_StdPeriph_Driver/stm32f4xx_gpio.c.o
 .ARM.attributes
                0x00000000000004b8       0x2e build/machines/cortex/armv7em/stm32f407/STM32F4xx_StdPeriph_Driver/stm32f4xx_rcc.c.o
 .ARM.attributes
                0x00000000000004e6       0x2e build/machines/cortex/armv7em/stm32f407/STM32F4xx_StdPeriph_Driver/stm32f4xx_exti.c.o
 .ARM.attributes
                0x0000000000000514       0x2e build/machines/cortex/armv7em/stm32f407/STM32F4xx_StdPeriph_Driver/stm32f4xx_syscfg.c.o
 .ARM.attributes
                0x0000000000000542       0x2e build/machines/cortex/armv7em/stm32f407/STM32F4xx_StdPeriph_Driver/misc.c.o
 .ARM.attributes
                0x0000000000000570       0x2e build/machines/cortex/armv7em/stm32f407/stm32f4discovery/stm32f4_discovery.c.o
 .ARM.attributes
                0x000000000000059e       0x2e build/machines/cortex/armv7em/stm32f407/stm32f4discovery/tp.c.o
LOAD /usr/lib/gcc/arm-none-eabi/9.2.1/../../../arm-none-eabi/lib/thumb/v7e-m/nofp/libc.a
LOAD /usr/lib/gcc/arm-none-eabi/9.2.1/thumb/v7e-m/nofp/libgcc.a
OUTPUT(lab5_exe elf32-littlearm)
LOAD linker stubs
LOAD /usr/lib/gcc/arm-none-eabi/9.2.1/../../../arm-none-eabi/lib/thumb/v7e-m/nofp/libc.a
LOAD /usr/lib/gcc/arm-none-eabi/9.2.1/../../../arm-none-eabi/lib/thumb/v7e-m/nofp/libm.a
LOAD /usr/lib/gcc/arm-none-eabi/9.2.1/thumb/v7e-m/nofp/libgcc.a

.debug_info     0x0000000000000000     0xc4cd
 .debug_info    0x0000000000000000      0xd87 build/os/tpl_os_kernel.c.o
 .debug_info    0x0000000000000d87      0x831 build/os/tpl_os_timeobj_kernel.c.o
 .debug_info    0x00000000000015b8      0x619 build/os/tpl_os_action.c.o
 .debug_info    0x0000000000001bd1      0x73a build/os/tpl_os_os_kernel.c.o
 .debug_info    0x000000000000230b      0x52c build/os/tpl_os_os.c.o
 .debug_info    0x0000000000002837      0x7b8 build/os/tpl_os_interrupt_kernel.c.o
 .debug_info    0x0000000000002fef      0x7e5 build/os/tpl_os_task_kernel.c.o
 .debug_info    0x00000000000037d4      0x7f1 build/os/tpl_os_resource_kernel.c.o
 .debug_info    0x0000000000003fc5      0x9e2 build/os/tpl_os_alarm_kernel.c.o
 .debug_info    0x00000000000049a7      0x3b3 build/lab5.c.o
 .debug_info    0x0000000000004d5a      0xc0f build/lab5/tpl_app_config.c.o
 .debug_info    0x0000000000005969      0x740 build/lab5/tpl_dispatch_table.c.o
 .debug_info    0x00000000000060a9       0x26 build/lab5/tpl_invoque.S.o
 .debug_info    0x00000000000060cf       0x26 build/lab5/tpl_primary_irq.S.o
 .debug_info    0x00000000000060f5      0x62c build/lab5/tpl_vectors.c.o
 .debug_info    0x0000000000006721      0x363 build/lab5/tpl_external_interrupts.c.o
 .debug_info    0x0000000000006a84      0x512 build/lab5/tpl_app_interrupts.c.o
 .debug_info    0x0000000000006f96      0xd10 build/machines/cortex/tpl_machine_cortex.c.o
 .debug_info    0x0000000000007ca6       0x26 build/machines/cortex/tpl_sc_handler.S.o
 .debug_info    0x0000000000007ccc       0x26 build/machines/cortex/tpl_startup.S.o
 .debug_info    0x0000000000007cf2       0x26 build/machines/cortex/armv7em/tpl_ctx_switch.S.o
 .debug_info    0x0000000000007d18       0x26 build/machines/cortex/armv7em/tpl_ctx_switch_under_it.S.o
 .debug_info    0x0000000000007d3e       0x26 build/machines/cortex/armv7em/tpl_interrupts.S.o
 .debug_info    0x0000000000007d64      0x757 build/machines/cortex/armv7em/stm32f407/tpl_machine_stm32f407.c.o
 .debug_info    0x00000000000084bb      0x299 build/machines/cortex/armv7em/stm32f407/startup_stm32f4xx.c.o
 .debug_info    0x0000000000008754      0x638 build/machines/cortex/armv7em/stm32f407/system_stm32f4xx.c.o
 .debug_info    0x0000000000008d8c      0xaf8 build/machines/cortex/armv7em/stm32f407/handlers_stm32f4xx.c.o
 .debug_info    0x0000000000009884      0x64f build/machines/cortex/armv7em/stm32f407/STM32F4xx_StdPeriph_Driver/stm32f4xx_gpio.c.o
 .debug_info    0x0000000000009ed3      0xf08 build/machines/cortex/armv7em/stm32f407/STM32F4xx_StdPeriph_Driver/stm32f4xx_rcc.c.o
 .debug_info    0x000000000000addb      0x383 build/machines/cortex/armv7em/stm32f407/STM32F4xx_StdPeriph_Driver/stm32f4xx_exti.c.o
 .debug_info    0x000000000000b15e      0x2a0 build/machines/cortex/armv7em/stm32f407/STM32F4xx_StdPeriph_Driver/stm32f4xx_syscfg.c.o
 .debug_info    0x000000000000b3fe      0x56e build/machines/cortex/armv7em/stm32f407/STM32F4xx_StdPeriph_Driver/misc.c.o
 .debug_info    0x000000000000b96c      0x8e8 build/machines/cortex/armv7em/stm32f407/stm32f4discovery/stm32f4_discovery.c.o
 .debug_info    0x000000000000c254      0x279 build/machines/cortex/armv7em/stm32f407/stm32f4discovery/tp.c.o

.debug_abbrev   0x0000000000000000     0x2de6
 .debug_abbrev  0x0000000000000000      0x291 build/os/tpl_os_kernel.c.o
 .debug_abbrev  0x0000000000000291      0x1ea build/os/tpl_os_timeobj_kernel.c.o
 .debug_abbrev  0x000000000000047b      0x187 build/os/tpl_os_action.c.o
 .debug_abbrev  0x0000000000000602      0x189 build/os/tpl_os_os_kernel.c.o
 .debug_abbrev  0x000000000000078b      0x14a build/os/tpl_os_os.c.o
 .debug_abbrev  0x00000000000008d5      0x1f3 build/os/tpl_os_interrupt_kernel.c.o
 .debug_abbrev  0x0000000000000ac8      0x1cb build/os/tpl_os_task_kernel.c.o
 .debug_abbrev  0x0000000000000c93      0x1ad build/os/tpl_os_resource_kernel.c.o
 .debug_abbrev  0x0000000000000e40      0x1f8 build/os/tpl_os_alarm_kernel.c.o
 .debug_abbrev  0x0000000000001038      0x155 build/lab5.c.o
 .debug_abbrev  0x000000000000118d      0x1b3 build/lab5/tpl_app_config.c.o
 .debug_abbrev  0x0000000000001340      0x131 build/lab5/tpl_dispatch_table.c.o
 .debug_abbrev  0x0000000000001471       0x14 build/lab5/tpl_invoque.S.o
 .debug_abbrev  0x0000000000001485       0x14 build/lab5/tpl_primary_irq.S.o
 .debug_abbrev  0x0000000000001499      0x156 build/lab5/tpl_vectors.c.o
 .debug_abbrev  0x00000000000015ef       0xf2 build/lab5/tpl_external_interrupts.c.o
 .debug_abbrev  0x00000000000016e1      0x139 build/lab5/tpl_app_interrupts.c.o
 .debug_abbrev  0x000000000000181a      0x335 build/machines/cortex/tpl_machine_cortex.c.o
 .debug_abbrev  0x0000000000001b4f       0x14 build/machines/cortex/tpl_sc_handler.S.o
 .debug_abbrev  0x0000000000001b63       0x14 build/machines/cortex/tpl_startup.S.o
 .debug_abbrev  0x0000000000001b77       0x14 build/machines/cortex/armv7em/tpl_ctx_switch.S.o
 .debug_abbrev  0x0000000000001b8b       0x14 build/machines/cortex/armv7em/tpl_ctx_switch_under_it.S.o
 .debug_abbrev  0x0000000000001b9f       0x14 build/machines/cortex/armv7em/tpl_interrupts.S.o
 .debug_abbrev  0x0000000000001bb3      0x1b0 build/machines/cortex/armv7em/stm32f407/tpl_machine_stm32f407.c.o
 .debug_abbrev  0x0000000000001d63      0x145 build/machines/cortex/armv7em/stm32f407/startup_stm32f4xx.c.o
 .debug_abbrev  0x0000000000001ea8      0x178 build/machines/cortex/armv7em/stm32f407/system_stm32f4xx.c.o
 .debug_abbrev  0x0000000000002020      0x1b8 build/machines/cortex/armv7em/stm32f407/handlers_stm32f4xx.c.o
 .debug_abbrev  0x00000000000021d8      0x202 build/machines/cortex/armv7em/stm32f407/STM32F4xx_StdPeriph_Driver/stm32f4xx_gpio.c.o
 .debug_abbrev  0x00000000000023da      0x1f7 build/machines/cortex/armv7em/stm32f407/STM32F4xx_StdPeriph_Driver/stm32f4xx_rcc.c.o
 .debug_abbrev  0x00000000000025d1      0x206 build/machines/cortex/armv7em/stm32f407/STM32F4xx_StdPeriph_Driver/stm32f4xx_exti.c.o
 .debug_abbrev  0x00000000000027d7      0x164 build/machines/cortex/armv7em/stm32f407/STM32F4xx_StdPeriph_Driver/stm32f4xx_syscfg.c.o
 .debug_abbrev  0x000000000000293b      0x196 build/machines/cortex/armv7em/stm32f407/STM32F4xx_StdPeriph_Driver/misc.c.o
 .debug_abbrev  0x0000000000002ad1      0x1eb build/machines/cortex/armv7em/stm32f407/stm32f4discovery/stm32f4_discovery.c.o
 .debug_abbrev  0x0000000000002cbc      0x12a build/machines/cortex/armv7em/stm32f407/stm32f4discovery/tp.c.o

.debug_aranges  0x0000000000000000      0x9a8
 .debug_aranges
                0x0000000000000000       0xd8 build/os/tpl_os_kernel.c.o
 .debug_aranges
                0x00000000000000d8       0x40 build/os/tpl_os_timeobj_kernel.c.o
 .debug_aranges
                0x0000000000000118       0x28 build/os/tpl_os_action.c.o
 .debug_aranges
                0x0000000000000140       0x38 build/os/tpl_os_os_kernel.c.o
 .debug_aranges
                0x0000000000000178       0x20 build/os/tpl_os_os.c.o
 .debug_aranges
                0x0000000000000198       0x68 build/os/tpl_os_interrupt_kernel.c.o
 .debug_aranges
                0x0000000000000200       0x48 build/os/tpl_os_task_kernel.c.o
 .debug_aranges
                0x0000000000000248       0x30 build/os/tpl_os_resource_kernel.c.o
 .debug_aranges
                0x0000000000000278       0x48 build/os/tpl_os_alarm_kernel.c.o
 .debug_aranges
                0x00000000000002c0       0x50 build/lab5.c.o
 .debug_aranges
                0x0000000000000310       0x28 build/lab5/tpl_app_config.c.o
 .debug_aranges
                0x0000000000000338       0x18 build/lab5/tpl_dispatch_table.c.o
 .debug_aranges
                0x0000000000000350       0x20 build/lab5/tpl_invoque.S.o
 .debug_aranges
                0x0000000000000370       0x20 build/lab5/tpl_primary_irq.S.o
 .debug_aranges
                0x0000000000000390       0x18 build/lab5/tpl_vectors.c.o
 .debug_aranges
                0x00000000000003a8       0x20 build/lab5/tpl_external_interrupts.c.o
 .debug_aranges
                0x00000000000003c8       0x30 build/lab5/tpl_app_interrupts.c.o
 .debug_aranges
                0x00000000000003f8       0x58 build/machines/cortex/tpl_machine_cortex.c.o
 .debug_aranges
                0x0000000000000450       0x20 build/machines/cortex/tpl_sc_handler.S.o
 .debug_aranges
                0x0000000000000470       0x20 build/machines/cortex/tpl_startup.S.o
 .debug_aranges
                0x0000000000000490       0x20 build/machines/cortex/armv7em/tpl_ctx_switch.S.o
 .debug_aranges
                0x00000000000004b0       0x20 build/machines/cortex/armv7em/tpl_ctx_switch_under_it.S.o
 .debug_aranges
                0x00000000000004d0       0x20 build/machines/cortex/armv7em/tpl_interrupts.S.o
 .debug_aranges
                0x00000000000004f0       0x30 build/machines/cortex/armv7em/stm32f407/tpl_machine_stm32f407.c.o
 .debug_aranges
                0x0000000000000520       0x38 build/machines/cortex/armv7em/stm32f407/startup_stm32f4xx.c.o
 .debug_aranges
                0x0000000000000558       0x30 build/machines/cortex/armv7em/stm32f407/system_stm32f4xx.c.o
 .debug_aranges
                0x0000000000000588       0x60 build/machines/cortex/armv7em/stm32f407/handlers_stm32f4xx.c.o
 .debug_aranges
                0x00000000000005e8       0x88 build/machines/cortex/armv7em/stm32f407/STM32F4xx_StdPeriph_Driver/stm32f4xx_gpio.c.o
 .debug_aranges
                0x0000000000000670      0x1c0 build/machines/cortex/armv7em/stm32f407/STM32F4xx_StdPeriph_Driver/stm32f4xx_rcc.c.o
 .debug_aranges
                0x0000000000000830       0x58 build/machines/cortex/armv7em/stm32f407/STM32F4xx_StdPeriph_Driver/stm32f4xx_exti.c.o
 .debug_aranges
                0x0000000000000888       0x50 build/machines/cortex/armv7em/stm32f407/STM32F4xx_StdPeriph_Driver/stm32f4xx_syscfg.c.o
 .debug_aranges
                0x00000000000008d8       0x40 build/machines/cortex/armv7em/stm32f407/STM32F4xx_StdPeriph_Driver/misc.c.o
 .debug_aranges
                0x0000000000000918       0x48 build/machines/cortex/armv7em/stm32f407/stm32f4discovery/stm32f4_discovery.c.o
 .debug_aranges
                0x0000000000000960       0x48 build/machines/cortex/armv7em/stm32f407/stm32f4discovery/tp.c.o

.debug_ranges   0x0000000000000000      0x720
 .debug_ranges  0x0000000000000000       0xe0 build/os/tpl_os_kernel.c.o
 .debug_ranges  0x00000000000000e0       0x30 build/os/tpl_os_timeobj_kernel.c.o
 .debug_ranges  0x0000000000000110       0x18 build/os/tpl_os_action.c.o
 .debug_ranges  0x0000000000000128       0x28 build/os/tpl_os_os_kernel.c.o
 .debug_ranges  0x0000000000000150       0x10 build/os/tpl_os_os.c.o
 .debug_ranges  0x0000000000000160       0x58 build/os/tpl_os_interrupt_kernel.c.o
 .debug_ranges  0x00000000000001b8       0x38 build/os/tpl_os_task_kernel.c.o
 .debug_ranges  0x00000000000001f0       0x20 build/os/tpl_os_resource_kernel.c.o
 .debug_ranges  0x0000000000000210       0x38 build/os/tpl_os_alarm_kernel.c.o
 .debug_ranges  0x0000000000000248       0x40 build/lab5.c.o
 .debug_ranges  0x0000000000000288       0x18 build/lab5/tpl_app_config.c.o
 .debug_ranges  0x00000000000002a0       0x10 build/lab5/tpl_external_interrupts.c.o
 .debug_ranges  0x00000000000002b0       0x20 build/lab5/tpl_app_interrupts.c.o
 .debug_ranges  0x00000000000002d0       0x48 build/machines/cortex/tpl_machine_cortex.c.o
 .debug_ranges  0x0000000000000318       0x20 build/machines/cortex/armv7em/stm32f407/tpl_machine_stm32f407.c.o
 .debug_ranges  0x0000000000000338       0x28 build/machines/cortex/armv7em/stm32f407/startup_stm32f4xx.c.o
 .debug_ranges  0x0000000000000360       0x20 build/machines/cortex/armv7em/stm32f407/system_stm32f4xx.c.o
 .debug_ranges  0x0000000000000380       0x50 build/machines/cortex/armv7em/stm32f407/handlers_stm32f4xx.c.o
 .debug_ranges  0x00000000000003d0       0x78 build/machines/cortex/armv7em/stm32f407/STM32F4xx_StdPeriph_Driver/stm32f4xx_gpio.c.o
 .debug_ranges  0x0000000000000448      0x1b0 build/machines/cortex/armv7em/stm32f407/STM32F4xx_StdPeriph_Driver/stm32f4xx_rcc.c.o
 .debug_ranges  0x00000000000005f8       0x48 build/machines/cortex/armv7em/stm32f407/STM32F4xx_StdPeriph_Driver/stm32f4xx_exti.c.o
 .debug_ranges  0x0000000000000640       0x40 build/machines/cortex/armv7em/stm32f407/STM32F4xx_StdPeriph_Driver/stm32f4xx_syscfg.c.o
 .debug_ranges  0x0000000000000680       0x30 build/machines/cortex/armv7em/stm32f407/STM32F4xx_StdPeriph_Driver/misc.c.o
 .debug_ranges  0x00000000000006b0       0x38 build/machines/cortex/armv7em/stm32f407/stm32f4discovery/stm32f4_discovery.c.o
 .debug_ranges  0x00000000000006e8       0x38 build/machines/cortex/armv7em/stm32f407/stm32f4discovery/tp.c.o

.debug_line     0x0000000000000000     0x66fe
 .debug_line    0x0000000000000000      0x6bf build/os/tpl_os_kernel.c.o
 .debug_line    0x00000000000006bf      0x3f4 build/os/tpl_os_timeobj_kernel.c.o
 .debug_line    0x0000000000000ab3      0x208 build/os/tpl_os_action.c.o
 .debug_line    0x0000000000000cbb      0x23c build/os/tpl_os_os_kernel.c.o
 .debug_line    0x0000000000000ef7      0x1ea build/os/tpl_os_os.c.o
 .debug_line    0x00000000000010e1      0x2e0 build/os/tpl_os_interrupt_kernel.c.o
 .debug_line    0x00000000000013c1      0x380 build/os/tpl_os_task_kernel.c.o
 .debug_line    0x0000000000001741      0x32e build/os/tpl_os_resource_kernel.c.o
 .debug_line    0x0000000000001a6f      0x3e9 build/os/tpl_os_alarm_kernel.c.o
 .debug_line    0x0000000000001e58      0x2c0 build/lab5.c.o
 .debug_line    0x0000000000002118      0x29f build/lab5/tpl_app_config.c.o
 .debug_line    0x00000000000023b7      0x239 build/lab5/tpl_dispatch_table.c.o
 .debug_line    0x00000000000025f0      0x157 build/lab5/tpl_invoque.S.o
 .debug_line    0x0000000000002747       0x5b build/lab5/tpl_primary_irq.S.o
 .debug_line    0x00000000000027a2      0x22c build/lab5/tpl_vectors.c.o
 .debug_line    0x00000000000029ce      0x19b build/lab5/tpl_external_interrupts.c.o
 .debug_line    0x0000000000002b69      0x1d8 build/lab5/tpl_app_interrupts.c.o
 .debug_line    0x0000000000002d41      0x357 build/machines/cortex/tpl_machine_cortex.c.o
 .debug_line    0x0000000000003098       0x92 build/machines/cortex/tpl_sc_handler.S.o
 .debug_line    0x000000000000312a       0x60 build/machines/cortex/tpl_startup.S.o
 .debug_line    0x000000000000318a       0x82 build/machines/cortex/armv7em/tpl_ctx_switch.S.o
 .debug_line    0x000000000000320c       0x87 build/machines/cortex/armv7em/tpl_ctx_switch_under_it.S.o
 .debug_line    0x0000000000003293       0x79 build/machines/cortex/armv7em/tpl_interrupts.S.o
 .debug_line    0x000000000000330c      0x23b build/machines/cortex/armv7em/stm32f407/tpl_machine_stm32f407.c.o
 .debug_line    0x0000000000003547      0x19a build/machines/cortex/armv7em/stm32f407/startup_stm32f4xx.c.o
 .debug_line    0x00000000000036e1      0x2c7 build/machines/cortex/armv7em/stm32f407/system_stm32f4xx.c.o
 .debug_line    0x00000000000039a8      0x3ca build/machines/cortex/armv7em/stm32f407/handlers_stm32f4xx.c.o
 .debug_line    0x0000000000003d72      0xa1b build/machines/cortex/armv7em/stm32f407/STM32F4xx_StdPeriph_Driver/stm32f4xx_gpio.c.o
 .debug_line    0x000000000000478d      0xfbc build/machines/cortex/armv7em/stm32f407/STM32F4xx_StdPeriph_Driver/stm32f4xx_rcc.c.o
 .debug_line    0x0000000000005749      0x465 build/machines/cortex/armv7em/stm32f407/STM32F4xx_StdPeriph_Driver/stm32f4xx_exti.c.o
 .debug_line    0x0000000000005bae      0x31b build/machines/cortex/armv7em/stm32f407/STM32F4xx_StdPeriph_Driver/stm32f4xx_syscfg.c.o
 .debug_line    0x0000000000005ec9      0x2f1 build/machines/cortex/armv7em/stm32f407/STM32F4xx_StdPeriph_Driver/misc.c.o
 .debug_line    0x00000000000061ba      0x2e1 build/machines/cortex/armv7em/stm32f407/stm32f4discovery/stm32f4_discovery.c.o
 .debug_line    0x000000000000649b      0x263 build/machines/cortex/armv7em/stm32f407/stm32f4discovery/tp.c.o

.debug_str      0x0000000000000000     0x33b5
 .debug_str     0x0000000000000000      0x8ab build/os/tpl_os_kernel.c.o
                                        0x9b4 (size before relaxing)
 .debug_str     0x00000000000008ab       0xee build/os/tpl_os_timeobj_kernel.c.o
                                        0x70f (size before relaxing)
 .debug_str     0x0000000000000999       0xf7 build/os/tpl_os_action.c.o
                                        0x61a (size before relaxing)
 .debug_str     0x0000000000000a90       0x92 build/os/tpl_os_os_kernel.c.o
                                        0x6f0 (size before relaxing)
 .debug_str     0x0000000000000b22       0x40 build/os/tpl_os_os.c.o
                                        0x54f (size before relaxing)
 .debug_str     0x0000000000000b62      0x1ca build/os/tpl_os_interrupt_kernel.c.o
                                        0x7f4 (size before relaxing)
 .debug_str     0x0000000000000d2c       0xb8 build/os/tpl_os_task_kernel.c.o
                                        0x70f (size before relaxing)
 .debug_str     0x0000000000000de4       0xa0 build/os/tpl_os_resource_kernel.c.o
                                        0x71c (size before relaxing)
 .debug_str     0x0000000000000e84      0x166 build/os/tpl_os_alarm_kernel.c.o
                                        0x7f7 (size before relaxing)
 .debug_str     0x0000000000000fea      0x124 build/lab5.c.o
                                        0x3f5 (size before relaxing)
 .debug_str     0x000000000000110e      0x214 build/lab5/tpl_app_config.c.o
                                        0xa11 (size before relaxing)
 .debug_str     0x0000000000001322       0x3d build/lab5/tpl_dispatch_table.c.o
                                        0x6ba (size before relaxing)
 .debug_str     0x000000000000135f       0x1f build/lab5/tpl_invoque.S.o
                                         0x6c (size before relaxing)
 .debug_str     0x000000000000137e       0x17 build/lab5/tpl_primary_irq.S.o
                                         0x70 (size before relaxing)
 .debug_str     0x0000000000001395       0x31 build/lab5/tpl_vectors.c.o
                                        0x601 (size before relaxing)
 .debug_str     0x00000000000013c6      0x158 build/lab5/tpl_external_interrupts.c.o
                                        0x39c (size before relaxing)
 .debug_str     0x000000000000151e       0x62 build/lab5/tpl_app_interrupts.c.o
                                        0x557 (size before relaxing)
 .debug_str     0x0000000000001580      0x6a9 build/machines/cortex/tpl_machine_cortex.c.o
                                        0xcff (size before relaxing)
 .debug_str     0x0000000000001c29       0x2d build/machines/cortex/tpl_sc_handler.S.o
                                         0x86 (size before relaxing)
 .debug_str     0x0000000000001c56       0x2a build/machines/cortex/tpl_startup.S.o
                                         0x83 (size before relaxing)
 .debug_str     0x0000000000001c80       0x35 build/machines/cortex/armv7em/tpl_ctx_switch.S.o
                                         0x8e (size before relaxing)
 .debug_str     0x0000000000001cb5       0x3e build/machines/cortex/armv7em/tpl_ctx_switch_under_it.S.o
                                         0x97 (size before relaxing)
 .debug_str     0x0000000000001cf3       0x35 build/machines/cortex/armv7em/tpl_interrupts.S.o
                                         0x8e (size before relaxing)
 .debug_str     0x0000000000001d28       0x95 build/machines/cortex/armv7em/stm32f407/tpl_machine_stm32f407.c.o
                                        0x8b9 (size before relaxing)
 .debug_str     0x0000000000001dbd      0x176 build/machines/cortex/armv7em/stm32f407/startup_stm32f4xx.c.o
                                        0x335 (size before relaxing)
 .debug_str     0x0000000000001f33       0xda build/machines/cortex/armv7em/stm32f407/system_stm32f4xx.c.o
                                        0x446 (size before relaxing)
 .debug_str     0x000000000000200d      0x1c8 build/machines/cortex/armv7em/stm32f407/handlers_stm32f4xx.c.o
                                        0x85a (size before relaxing)
 .debug_str     0x00000000000021d5      0x343 build/machines/cortex/armv7em/stm32f407/STM32F4xx_StdPeriph_Driver/stm32f4xx_gpio.c.o
                                        0x535 (size before relaxing)
 .debug_str     0x0000000000002518      0x6e6 build/machines/cortex/armv7em/stm32f407/STM32F4xx_StdPeriph_Driver/stm32f4xx_rcc.c.o
                                        0xa57 (size before relaxing)
 .debug_str     0x0000000000002bfe      0x1dd build/machines/cortex/armv7em/stm32f407/STM32F4xx_StdPeriph_Driver/stm32f4xx_exti.c.o
                                        0x407 (size before relaxing)
 .debug_str     0x0000000000002ddb      0x18d build/machines/cortex/armv7em/stm32f407/STM32F4xx_StdPeriph_Driver/stm32f4xx_syscfg.c.o
                                        0x3ae (size before relaxing)
 .debug_str     0x0000000000002f68      0x194 build/machines/cortex/armv7em/stm32f407/STM32F4xx_StdPeriph_Driver/misc.c.o
                                        0x46e (size before relaxing)
 .debug_str     0x00000000000030fc      0x1db build/machines/cortex/armv7em/stm32f407/stm32f4discovery/stm32f4_discovery.c.o
                                        0xbcf (size before relaxing)
 .debug_str     0x00000000000032d7       0xde build/machines/cortex/armv7em/stm32f407/stm32f4discovery/tp.c.o
                                        0x332 (size before relaxing)

.comment        0x0000000000000000       0x59
 .comment       0x0000000000000000       0x59 build/os/tpl_os_kernel.c.o
                                         0x5a (size before relaxing)
 .comment       0x0000000000000059       0x5a build/os/tpl_os_timeobj_kernel.c.o
 .comment       0x0000000000000059       0x5a build/os/tpl_os_action.c.o
 .comment       0x0000000000000059       0x5a build/os/tpl_os_os_kernel.c.o
 .comment       0x0000000000000059       0x5a build/os/tpl_os_os.c.o
 .comment       0x0000000000000059       0x5a build/os/tpl_os_interrupt_kernel.c.o
 .comment       0x0000000000000059       0x5a build/os/tpl_os_task_kernel.c.o
 .comment       0x0000000000000059       0x5a build/os/tpl_os_resource_kernel.c.o
 .comment       0x0000000000000059       0x5a build/os/tpl_os_alarm_kernel.c.o
 .comment       0x0000000000000059       0x5a build/lab5.c.o
 .comment       0x0000000000000059       0x5a build/lab5/tpl_app_config.c.o
 .comment       0x0000000000000059       0x5a build/lab5/tpl_dispatch_table.c.o
 .comment       0x0000000000000059       0x5a build/lab5/tpl_vectors.c.o
 .comment       0x0000000000000059       0x5a build/lab5/tpl_external_interrupts.c.o
 .comment       0x0000000000000059       0x5a build/lab5/tpl_app_interrupts.c.o
 .comment       0x0000000000000059       0x5a build/machines/cortex/tpl_machine_cortex.c.o
 .comment       0x0000000000000059       0x5a build/machines/cortex/armv7em/stm32f407/tpl_machine_stm32f407.c.o
 .comment       0x0000000000000059       0x5a build/machines/cortex/armv7em/stm32f407/startup_stm32f4xx.c.o
 .comment       0x0000000000000059       0x5a build/machines/cortex/armv7em/stm32f407/system_stm32f4xx.c.o
 .comment       0x0000000000000059       0x5a build/machines/cortex/armv7em/stm32f407/handlers_stm32f4xx.c.o
 .comment       0x0000000000000059       0x5a build/machines/cortex/armv7em/stm32f407/STM32F4xx_StdPeriph_Driver/stm32f4xx_gpio.c.o
 .comment       0x0000000000000059       0x5a build/machines/cortex/armv7em/stm32f407/STM32F4xx_StdPeriph_Driver/stm32f4xx_rcc.c.o
 .comment       0x0000000000000059       0x5a build/machines/cortex/armv7em/stm32f407/STM32F4xx_StdPeriph_Driver/stm32f4xx_exti.c.o
 .comment       0x0000000000000059       0x5a build/machines/cortex/armv7em/stm32f407/STM32F4xx_StdPeriph_Driver/stm32f4xx_syscfg.c.o
 .comment       0x0000000000000059       0x5a build/machines/cortex/armv7em/stm32f407/STM32F4xx_StdPeriph_Driver/misc.c.o
 .comment       0x0000000000000059       0x5a build/machines/cortex/armv7em/stm32f407/stm32f4discovery/stm32f4_discovery.c.o
 .comment       0x0000000000000059       0x5a build/machines/cortex/armv7em/stm32f407/stm32f4discovery/tp.c.o

.debug_frame    0x0000000000000000     0x1cd4
 .debug_frame   0x0000000000000000      0x360 build/os/tpl_os_kernel.c.o
 .debug_frame   0x0000000000000360       0xcc build/os/tpl_os_timeobj_kernel.c.o
 .debug_frame   0x000000000000042c       0x58 build/os/tpl_os_action.c.o
 .debug_frame   0x0000000000000484       0xa0 build/os/tpl_os_os_kernel.c.o
 .debug_frame   0x0000000000000524       0x34 build/os/tpl_os_os.c.o
 .debug_frame   0x0000000000000558      0x14c build/os/tpl_os_interrupt_kernel.c.o
 .debug_frame   0x00000000000006a4       0xe8 build/os/tpl_os_task_kernel.c.o
 .debug_frame   0x000000000000078c       0x80 build/os/tpl_os_resource_kernel.c.o
 .debug_frame   0x000000000000080c       0xe8 build/os/tpl_os_alarm_kernel.c.o
 .debug_frame   0x00000000000008f4       0xf0 build/lab5.c.o
 .debug_frame   0x00000000000009e4       0x48 build/lab5/tpl_app_config.c.o
 .debug_frame   0x0000000000000a2c       0x30 build/lab5/tpl_external_interrupts.c.o
 .debug_frame   0x0000000000000a5c       0x70 build/lab5/tpl_app_interrupts.c.o
 .debug_frame   0x0000000000000acc      0x118 build/machines/cortex/tpl_machine_cortex.c.o
 .debug_frame   0x0000000000000be4       0x78 build/machines/cortex/armv7em/stm32f407/tpl_machine_stm32f407.c.o
 .debug_frame   0x0000000000000c5c       0xa0 build/machines/cortex/armv7em/stm32f407/startup_stm32f4xx.c.o
 .debug_frame   0x0000000000000cfc       0x7c build/machines/cortex/armv7em/stm32f407/system_stm32f4xx.c.o
 .debug_frame   0x0000000000000d78       0xf8 build/machines/cortex/armv7em/stm32f407/handlers_stm32f4xx.c.o
 .debug_frame   0x0000000000000e70      0x214 build/machines/cortex/armv7em/stm32f407/STM32F4xx_StdPeriph_Driver/stm32f4xx_gpio.c.o
 .debug_frame   0x0000000000001084      0x77c build/machines/cortex/armv7em/stm32f407/STM32F4xx_StdPeriph_Driver/stm32f4xx_rcc.c.o
 .debug_frame   0x0000000000001800      0x130 build/machines/cortex/armv7em/stm32f407/STM32F4xx_StdPeriph_Driver/stm32f4xx_exti.c.o
 .debug_frame   0x0000000000001930      0x108 build/machines/cortex/armv7em/stm32f407/STM32F4xx_StdPeriph_Driver/stm32f4xx_syscfg.c.o
 .debug_frame   0x0000000000001a38       0xc4 build/machines/cortex/armv7em/stm32f407/STM32F4xx_StdPeriph_Driver/misc.c.o
 .debug_frame   0x0000000000001afc       0xf4 build/machines/cortex/armv7em/stm32f407/stm32f4discovery/stm32f4_discovery.c.o
 .debug_frame   0x0000000000001bf0       0xe4 build/machines/cortex/armv7em/stm32f407/stm32f4discovery/tp.c.o
